[    0.000000] Linux version 5.18.0-nieyraud-11439-g8ab2afa23bd1-dirty (root@lmartin) (gcc (GCC) 12.1.0, GNU ld (GNU Binutils) 2.38) #1 SMP PREEMPT_DYNAMIC Tue May 31 15:29:37 CEST 2022
[    0.000000] Command line: BOOT_IMAGE=/vmlinuz-5.18.8-nieyraud root=/dev/sda3 ro
[    0.000000] x86/fpu: Supporting XSAVE feature 0x001: 'x87 floating point registers'
[    0.000000] x86/fpu: Supporting XSAVE feature 0x002: 'SSE registers'
[    0.000000] x86/fpu: Supporting XSAVE feature 0x004: 'AVX registers'
[    0.000000] x86/fpu: xstate_offset[2]:  576, xstate_sizes[2]:  256
[    0.000000] x86/fpu: Enabled xstate features 0x7, context size is 832 bytes, using 'standard' format.
[    0.000000] signal: max sigframe size: 1776
[    0.000000] BIOS-provided physical RAM map:
[    0.000000] BIOS-e820: [mem 0x0000000000000000-0x000000000009fbff] usable
[    0.000000] BIOS-e820: [mem 0x000000000009fc00-0x000000000009ffff] reserved
[    0.000000] BIOS-e820: [mem 0x00000000000f0000-0x00000000000fffff] reserved
[    0.000000] BIOS-e820: [mem 0x0000000000100000-0x00000000dffeffff] usable
[    0.000000] BIOS-e820: [mem 0x00000000dfff0000-0x00000000dfffffff] ACPI data
[    0.000000] BIOS-e820: [mem 0x00000000fec00000-0x00000000fec00fff] reserved
[    0.000000] BIOS-e820: [mem 0x00000000fee00000-0x00000000fee00fff] reserved
[    0.000000] BIOS-e820: [mem 0x00000000fffc0000-0x00000000ffffffff] reserved
[    0.000000] BIOS-e820: [mem 0x0000000100000000-0x000000011fffffff] usable
[    0.000000] NX (Execute Disable) protection: active
[    0.000000] SMBIOS 2.5 present.
[    0.000000] DMI: innotek GmbH VirtualBox/VirtualBox, BIOS VirtualBox 12/01/2006
[    0.000000] tsc: Fast TSC calibration using PIT
[    0.000000] tsc: Detected 2893.636 MHz processor
[    0.000524] e820: update [mem 0x00000000-0x00000fff] usable ==> reserved
[    0.000531] e820: remove [mem 0x000a0000-0x000fffff] usable
[    0.000537] last_pfn = 0x120000 max_arch_pfn = 0x400000000
[    0.000545] Disabled
[    0.000546] x86/PAT: MTRRs disabled, skipping PAT initialization too.
[    0.000549] CPU MTRRs all blank - virtualized system.
[    0.000552] x86/PAT: Configuration [0-7]: WB  WT  UC- UC  WB  WT  UC- UC  
[    0.000555] last_pfn = 0xdfff0 max_arch_pfn = 0x400000000
[    0.000589] found SMP MP-table at [mem 0x0009fff0-0x0009ffff]
[    0.001085] ACPI: Early table checksum verification disabled
[    0.001089] ACPI: RSDP 0x00000000000E0000 000024 (v02 VBOX  )
[    0.001096] ACPI: XSDT 0x00000000DFFF0030 00003C (v01 VBOX   VBOXXSDT 00000001 ASL  00000061)
[    0.001103] ACPI: FACP 0x00000000DFFF00F0 0000F4 (v04 VBOX   VBOXFACP 00000001 ASL  00000061)
[    0.001110] ACPI: DSDT 0x00000000DFFF0470 002325 (v02 VBOX   VBOXBIOS 00000002 INTL 20190509)
[    0.001116] ACPI: FACS 0x00000000DFFF0200 000040
[    0.001121] ACPI: FACS 0x00000000DFFF0200 000040
[    0.001126] ACPI: APIC 0x00000000DFFF0240 00005C (v02 VBOX   VBOXAPIC 00000001 ASL  00000061)
[    0.001131] ACPI: SSDT 0x00000000DFFF02A0 0001CC (v01 VBOX   VBOXCPUT 00000002 INTL 20190509)
[    0.001136] ACPI: Reserving FACP table memory at [mem 0xdfff00f0-0xdfff01e3]
[    0.001138] ACPI: Reserving DSDT table memory at [mem 0xdfff0470-0xdfff2794]
[    0.001140] ACPI: Reserving FACS table memory at [mem 0xdfff0200-0xdfff023f]
[    0.001142] ACPI: Reserving FACS table memory at [mem 0xdfff0200-0xdfff023f]
[    0.001143] ACPI: Reserving APIC table memory at [mem 0xdfff0240-0xdfff029b]
[    0.001145] ACPI: Reserving SSDT table memory at [mem 0xdfff02a0-0xdfff046b]
[    0.001280] No NUMA configuration found
[    0.001282] Faking a node at [mem 0x0000000000000000-0x000000011fffffff]
[    0.001286] NODE_DATA(0) allocated [mem 0x11fff8000-0x11fffbfff]
[    0.001298] Zone ranges:
[    0.001299]   DMA      [mem 0x0000000000001000-0x0000000000ffffff]
[    0.001303]   DMA32    [mem 0x0000000001000000-0x00000000ffffffff]
[    0.001306]   Normal   [mem 0x0000000100000000-0x000000011fffffff]
[    0.001309] Movable zone start for each node
[    0.001310] Early memory node ranges
[    0.001312]   node   0: [mem 0x0000000000001000-0x000000000009efff]
[    0.001314]   node   0: [mem 0x0000000000100000-0x00000000dffeffff]
[    0.001316]   node   0: [mem 0x0000000100000000-0x000000011fffffff]
[    0.001318] Initmem setup node 0 [mem 0x0000000000001000-0x000000011fffffff]
[    0.001662] On node 0, zone DMA: 1 pages in unavailable ranges
[    0.001678] On node 0, zone DMA: 97 pages in unavailable ranges
[    0.015193] On node 0, zone Normal: 16 pages in unavailable ranges
[    0.015521] ACPI: PM-Timer IO Port: 0x4008
[    0.015566] IOAPIC[0]: apic_id 2, version 32, address 0xfec00000, GSI 0-23
[    0.015569] ACPI: INT_SRC_OVR (bus 0 bus_irq 0 global_irq 2 dfl dfl)
[    0.015572] ACPI: INT_SRC_OVR (bus 0 bus_irq 9 global_irq 9 low level)
[    0.015576] ACPI: Using ACPI (MADT) for SMP configuration information
[    0.015582] smpboot: Allowing 2 CPUs, 0 hotplug CPUs
[    0.015592] PM: hibernation: Registered nosave memory: [mem 0x00000000-0x00000fff]
[    0.015595] PM: hibernation: Registered nosave memory: [mem 0x0009f000-0x0009ffff]
[    0.015597] PM: hibernation: Registered nosave memory: [mem 0x000a0000-0x000effff]
[    0.015598] PM: hibernation: Registered nosave memory: [mem 0x000f0000-0x000fffff]
[    0.015600] PM: hibernation: Registered nosave memory: [mem 0xdfff0000-0xdfffffff]
[    0.015602] PM: hibernation: Registered nosave memory: [mem 0xe0000000-0xfebfffff]
[    0.015604] PM: hibernation: Registered nosave memory: [mem 0xfec00000-0xfec00fff]
[    0.015605] PM: hibernation: Registered nosave memory: [mem 0xfec01000-0xfedfffff]
[    0.015607] PM: hibernation: Registered nosave memory: [mem 0xfee00000-0xfee00fff]
[    0.015608] PM: hibernation: Registered nosave memory: [mem 0xfee01000-0xfffbffff]
[    0.015610] PM: hibernation: Registered nosave memory: [mem 0xfffc0000-0xffffffff]
[    0.015612] [mem 0xe0000000-0xfebfffff] available for PCI devices
[    0.015615] clocksource: refined-jiffies: mask: 0xffffffff max_cycles: 0xffffffff, max_idle_ns: 1910969940391419 ns
[    0.020158] setup_percpu: NR_CPUS:64 nr_cpumask_bits:64 nr_cpu_ids:2 nr_node_ids:1
[    0.020584] percpu: Embedded 52 pages/cpu s175912 r8192 d28888 u1048576
[    0.020591] pcpu-alloc: s175912 r8192 d28888 u1048576 alloc=1*2097152
[    0.020595] pcpu-alloc: [0] 0 1 
[    0.020612] Fallback order for Node 0: 0 
[    0.020617] Built 1 zonelists, mobility grouping on.  Total pages: 1031920
[    0.020619] Policy zone: Normal
[    0.020621] Kernel command line: BOOT_IMAGE=/vmlinuz-5.18.8-nieyraud root=/dev/sda3 ro
[    0.020640] Unknown kernel command line parameters "BOOT_IMAGE=/vmlinuz-5.18.8-nieyraud", will be passed to user space.
[    0.021404] Dentry cache hash table entries: 524288 (order: 10, 4194304 bytes, linear)
[    0.021798] Inode-cache hash table entries: 262144 (order: 9, 2097152 bytes, linear)
[    0.021831] mem auto-init: stack:all(zero), heap alloc:off, heap free:off
[    0.048803] Memory: 4019592K/4193848K available (16396K kernel code, 2612K rwdata, 5016K rodata, 1252K init, 1456K bss, 173996K reserved, 0K cma-reserved)
[    0.048848] SLUB: HWalign=64, Order=0-3, MinObjects=0, CPUs=2, Nodes=1
[    0.048856] Kernel/User page tables isolation: enabled
[    0.049587] Dynamic Preempt: voluntary
[    0.049965] rcu: Preemptible hierarchical RCU implementation.
[    0.049967] rcu: 	RCU event tracing is enabled.
[    0.049969] rcu: 	RCU restricting CPUs from NR_CPUS=64 to nr_cpu_ids=2.
[    0.049971] 	Trampoline variant of Tasks RCU enabled.
[    0.049973] rcu: RCU calculated value of scheduler-enlistment delay is 100 jiffies.
[    0.049975] rcu: Adjusting geometry for rcu_fanout_leaf=16, nr_cpu_ids=2
[    0.051122] NR_IRQS: 4352, nr_irqs: 440, preallocated irqs: 16
[    0.051306] rcu: srcu_init: Setting srcu_struct sizes based on contention.
[    0.055115] Console: colour VGA+ 80x25
[    0.077037] printk: console [tty0] enabled
[    0.077204] ACPI: Core revision 20220331
[    0.077436] APIC: Switch to symmetric I/O mode setup
[    0.078548] ..TIMER: vector=0x30 apic1=0 pin1=2 apic2=-1 pin2=-1
[    0.083416] clocksource: tsc-early: mask: 0xffffffffffffffff max_cycles: 0x29b5c78d9e0, max_idle_ns: 440795309866 ns
[    0.083743] Calibrating delay loop (skipped), value calculated using timer frequency.. 5787.27 BogoMIPS (lpj=2893636)
[    0.084071] pid_max: default: 32768 minimum: 301
[    0.084246] LSM: Security Framework initializing
[    0.084753] Mount-cache hash table entries: 8192 (order: 4, 65536 bytes, linear)
[    0.085032] Mountpoint-cache hash table entries: 8192 (order: 4, 65536 bytes, linear)
[    0.085522] Last level iTLB entries: 4KB 512, 2MB 8, 4MB 8
[    0.085708] Last level dTLB entries: 4KB 512, 2MB 32, 4MB 32, 1GB 0
[    0.085728] Spectre V1 : Mitigation: usercopy/swapgs barriers and __user pointer sanitization
[    0.086064] Spectre V2 : Mitigation: Retpolines
[    0.086228] Spectre V2 : Spectre v2 / SpectreRSB mitigation: Filling RSB on context switch
[    0.086504] Speculative Store Bypass: Vulnerable
[    0.086669] SRBDS: Unknown: Dependent on hypervisor status
[    0.086717] MDS: Mitigation: Clear CPU buffers
[    0.089031] Freeing SMP alternatives memory: 44K
[    0.190378] smpboot: CPU0: Intel(R) Core(TM) i5-3470S CPU @ 2.90GHz (family: 0x6, model: 0x3a, stepping: 0x9)
[    0.190739] cblist_init_generic: Setting adjustable number of callback queues.
[    0.190739] cblist_init_generic: Setting shift to 1 and lim to 1.
[    0.190779] Performance Events: unsupported p6 CPU model 58 no PMU driver, software events only.
[    0.191157] rcu: Hierarchical SRCU implementation.
[    0.191177] printk: console [tty0] printing thread started
[    0.191894] smp: Bringing up secondary CPUs ...
[    0.192412] x86: Booting SMP configuration:
[    0.192414] .... node  #0, CPUs:      #1
[    0.194105] smp: Brought up 1 node, 2 CPUs
[    0.194105] smpboot: Max logical packages: 1
[    0.194105] smpboot: Total of 2 processors activated (11574.54 BogoMIPS)
[    0.194105] devtmpfs: initialized
[    0.195664] clocksource: jiffies: mask: 0xffffffff max_cycles: 0xffffffff, max_idle_ns: 1911260446275000 ns
[    0.195670] futex hash table entries: 512 (order: 3, 32768 bytes, linear)
[    0.195798] PM: RTC time: 08:36:16, date: 2022-06-01
[    0.196001] NET: Registered PF_NETLINK/PF_ROUTE protocol family
[    0.196106] thermal_sys: Registered thermal governor 'step_wise'
[    0.196108] thermal_sys: Registered thermal governor 'user_space'
[    0.197368] cpuidle: using governor menu
[    0.197460] PCI: Using configuration type 1 for base access
[    0.199913] kprobes: kprobe jump-optimization is enabled. All kprobes are optimized if possible.
[    0.302367] HugeTLB: can optimize 7 vmemmap pages for hugepages-2048kB
[    0.302371] HugeTLB registered 2.00 MiB page size, pre-allocated 0 pages
[    0.302468] ACPI: Added _OSI(Module Device)
[    0.302468] ACPI: Added _OSI(Processor Device)
[    0.302468] ACPI: Added _OSI(3.0 _SCP Extensions)
[    0.302468] ACPI: Added _OSI(Processor Aggregator Device)
[    0.302468] ACPI: Added _OSI(Linux-Dell-Video)
[    0.302468] ACPI: Added _OSI(Linux-Lenovo-NV-HDMI-Audio)
[    0.302468] ACPI: Added _OSI(Linux-HPI-Hybrid-Graphics)
[    0.303637] ACPI: 2 ACPI AML tables successfully acquired and loaded
[    0.304658] ACPI: Interpreter enabled
[    0.304668] ACPI: PM: (supports S0 S5)
[    0.304670] ACPI: Using IOAPIC for interrupt routing
[    0.304819] PCI: Using host bridge windows from ACPI; if necessary, use "pci=nocrs" and report a bug
[    0.304822] PCI: Using E820 reservations for host bridge windows
[    0.304896] ACPI: Enabled 2 GPEs in block 00 to 07
[    0.308066] ACPI: PCI Root Bridge [PCI0] (domain 0000 [bus 00-ff])
[    0.308072] acpi PNP0A03:00: _OSC: OS supports [ASPM ClockPM Segments MSI HPX-Type3]
[    0.308075] acpi PNP0A03:00: _OSC: not requesting OS control; OS requires [ExtendedConfig ASPM ClockPM MSI]
[    0.308307] acpi PNP0A03:00: fail to add MMCONFIG information, can't access extended PCI configuration space under this bridge.
[    0.308375] PCI host bridge to bus 0000:00
[    0.308378] pci_bus 0000:00: root bus resource [io  0x0000-0x0cf7 window]
[    0.308381] pci_bus 0000:00: root bus resource [io  0x0d00-0xffff window]
[    0.308383] pci_bus 0000:00: root bus resource [mem 0x000a0000-0x000bffff window]
[    0.308385] pci_bus 0000:00: root bus resource [mem 0xe0000000-0xfdffffff window]
[    0.308388] pci_bus 0000:00: root bus resource [bus 00-ff]
[    0.308532] pci 0000:00:00.0: [8086:1237] type 00 class 0x060000
[    0.308940] pci 0000:00:01.0: [8086:7000] type 00 class 0x060100
[    0.309439] pci 0000:00:01.1: [8086:7111] type 00 class 0x01018a
[    0.309760] pci 0000:00:01.1: reg 0x20: [io  0xd000-0xd00f]
[    0.309876] pci 0000:00:01.1: legacy IDE quirk: reg 0x10: [io  0x01f0-0x01f7]
[    0.309878] pci 0000:00:01.1: legacy IDE quirk: reg 0x14: [io  0x03f6]
[    0.309880] pci 0000:00:01.1: legacy IDE quirk: reg 0x18: [io  0x0170-0x0177]
[    0.309882] pci 0000:00:01.1: legacy IDE quirk: reg 0x1c: [io  0x0376]
[    0.310006] pci 0000:00:02.0: [15ad:0405] type 00 class 0x030000
[    0.311982] pci 0000:00:02.0: reg 0x10: [io  0xd010-0xd01f]
[    0.313745] pci 0000:00:02.0: reg 0x14: [mem 0xe0000000-0xe0ffffff pref]
[    0.315914] pci 0000:00:02.0: reg 0x18: [mem 0xf0000000-0xf01fffff]
[    0.324783] pci 0000:00:02.0: Video device with shadowed ROM at [mem 0x000c0000-0x000dffff]
[    0.325053] pci 0000:00:03.0: [8086:100e] type 00 class 0x020000
[    0.326906] pci 0000:00:03.0: reg 0x10: [mem 0xf0200000-0xf021ffff]
[    0.331824] pci 0000:00:03.0: reg 0x18: [io  0xd020-0xd027]
[    0.340772] pci 0000:00:04.0: [80ee:cafe] type 00 class 0x088000
[    0.341831] pci 0000:00:04.0: reg 0x10: [io  0xd040-0xd05f]
[    0.343966] pci 0000:00:04.0: reg 0x14: [mem 0xf0400000-0xf07fffff]
[    0.345278] pci 0000:00:04.0: reg 0x18: [mem 0xf0800000-0xf0803fff pref]
[    0.353355] pci 0000:00:05.0: [8086:2415] type 00 class 0x040100
[    0.353517] pci 0000:00:05.0: reg 0x10: [io  0xd100-0xd1ff]
[    0.353585] pci 0000:00:05.0: reg 0x14: [io  0xd200-0xd23f]
[    0.354068] pci 0000:00:06.0: [106b:003f] type 00 class 0x0c0310
[    0.355071] pci 0000:00:06.0: reg 0x10: [mem 0xf0804000-0xf0804fff]
[    0.364961] pci 0000:00:07.0: [8086:7113] type 00 class 0x068000
[    0.365351] pci 0000:00:07.0: quirk: [io  0x4000-0x403f] claimed by PIIX4 ACPI
[    0.365361] pci 0000:00:07.0: quirk: [io  0x4100-0x410f] claimed by PIIX4 SMB
[    0.365565] pci 0000:00:08.0: [8086:100e] type 00 class 0x020000
[    0.366970] pci 0000:00:08.0: reg 0x10: [mem 0xf0820000-0xf083ffff]
[    0.370228] pci 0000:00:08.0: reg 0x18: [io  0xd240-0xd247]
[    0.378924] pci 0000:00:0d.0: [8086:2829] type 00 class 0x010601
[    0.380059] pci 0000:00:0d.0: reg 0x10: [io  0xd248-0xd24f]
[    0.382745] pci 0000:00:0d.0: reg 0x14: [io  0xd250-0xd253]
[    0.383827] pci 0000:00:0d.0: reg 0x18: [io  0xd258-0xd25f]
[    0.385972] pci 0000:00:0d.0: reg 0x1c: [io  0xd260-0xd263]
[    0.387790] pci 0000:00:0d.0: reg 0x20: [io  0xd270-0xd27f]
[    0.389240] pci 0000:00:0d.0: reg 0x24: [mem 0xf0840000-0xf0841fff]
[    0.392803] ACPI: PCI: Interrupt link LNKA configured for IRQ 11
[    0.392966] ACPI: PCI: Interrupt link LNKB configured for IRQ 10
[    0.393031] ACPI: PCI: Interrupt link LNKC configured for IRQ 9
[    0.393096] ACPI: PCI: Interrupt link LNKD configured for IRQ 11
[    0.393206] iommu: Default domain type: Translated 
[    0.393209] iommu: DMA domain TLB invalidation policy: lazy mode 
[    0.393264] SCSI subsystem initialized
[    0.393357] libata version 3.00 loaded.
[    0.393374] ACPI: bus type USB registered
[    0.393390] usbcore: registered new interface driver usbfs
[    0.393401] usbcore: registered new interface driver hub
[    0.393407] usbcore: registered new device driver usb
[    0.393419] pps_core: LinuxPPS API ver. 1 registered
[    0.393420] pps_core: Software ver. 5.3.6 - Copyright 2005-2007 Rodolfo Giometti <giometti@linux.it>
[    0.393424] PTP clock support registered
[    0.393517] Advanced Linux Sound Architecture Driver Initialized.
[    0.393640] NetLabel: Initializing
[    0.393642] NetLabel:  domain hash size = 128
[    0.393644] NetLabel:  protocols = UNLABELED CIPSOv4 CALIPSO
[    0.393660] NetLabel:  unlabeled traffic allowed by default
[    0.393785] PCI: Using ACPI for IRQ routing
[    0.393787] PCI: pci_cache_line_size set to 64 bytes
[    0.394098] e820: reserve RAM buffer [mem 0x0009fc00-0x0009ffff]
[    0.394101] e820: reserve RAM buffer [mem 0xdfff0000-0xdfffffff]
[    0.394147] pci 0000:00:02.0: vgaarb: setting as boot VGA device
[    0.394150] pci 0000:00:02.0: vgaarb: bridge control possible
[    0.394152] pci 0000:00:02.0: vgaarb: VGA device added: decodes=io+mem,owns=io+mem,locks=none
[    0.394155] vgaarb: loaded
[    0.394343] clocksource: Switched to clocksource tsc-early
[    0.394408] VFS: Disk quotas dquot_6.6.0
[    0.394417] VFS: Dquot-cache hash table entries: 512 (order 0, 4096 bytes)
[    0.394452] pnp: PnP ACPI init
[    0.394452] pnp: PnP ACPI: found 2 devices
[    0.408106] clocksource: acpi_pm: mask: 0xffffff max_cycles: 0xffffff, max_idle_ns: 2085701024 ns
[    0.408184] NET: Registered PF_INET protocol family
[    0.409556] IP idents hash table entries: 65536 (order: 7, 524288 bytes, linear)
[    0.410258] tcp_listen_portaddr_hash hash table entries: 2048 (order: 3, 32768 bytes, linear)
[    0.410267] TCP established hash table entries: 32768 (order: 6, 262144 bytes, linear)
[    0.410303] TCP bind bhash tables hash table entries: 32768 (order: 7, 786432 bytes, linear)
[    0.410736] TCP: Hash tables configured (established 32768 bind 32768)
[    0.410760] UDP hash table entries: 2048 (order: 4, 65536 bytes, linear)
[    0.410770] UDP-Lite hash table entries: 2048 (order: 4, 65536 bytes, linear)
[    0.410805] NET: Registered PF_UNIX/PF_LOCAL protocol family
[    0.410955] RPC: Registered named UNIX socket transport module.
[    0.410957] RPC: Registered udp transport module.
[    0.410959] RPC: Registered tcp transport module.
[    0.410960] RPC: Registered tcp NFSv4.1 backchannel transport module.
[    0.411252] pci_bus 0000:00: resource 4 [io  0x0000-0x0cf7 window]
[    0.411256] pci_bus 0000:00: resource 5 [io  0x0d00-0xffff window]
[    0.411258] pci_bus 0000:00: resource 6 [mem 0x000a0000-0x000bffff window]
[    0.411261] pci_bus 0000:00: resource 7 [mem 0xe0000000-0xfdffffff window]
[    0.411297] pci 0000:00:00.0: Limiting direct PCI/PCI transfers
[    0.411310] pci 0000:00:01.0: Activating ISA DMA hang workarounds
[    0.412316] PCI: CLS 0 bytes, default 64
[    0.412326] PCI-DMA: Using software bounce buffering for IO (SWIOTLB)
[    0.412328] software IO TLB: mapped [mem 0x00000000dbff0000-0x00000000dfff0000] (64MB)
[    0.412652] RAPL PMU: API unit is 2^-32 Joules, 0 fixed counters, 10737418240 ms ovfl timer
[    0.412675] platform rtc_cmos: registered platform RTC device (no PNP device found)
[    0.413984] Initialise system trusted keyrings
[    0.414047] workingset: timestamp_bits=40 max_order=20 bucket_order=0
[    0.415608] NFS: Registering the id_resolver key type
[    0.415614] Key type id_resolver registered
[    0.415616] Key type id_legacy registered
[    0.427373] Key type asymmetric registered
[    0.427376] Asymmetric key parser 'x509' registered
[    0.427387] Block layer SCSI generic (bsg) driver version 0.4 loaded (major 251)
[    0.427389] io scheduler mq-deadline registered
[    0.427391] io scheduler kyber registered
[    0.427742] ACPI: AC: AC Adapter [AC] (on-line)
[    0.427778] input: Power Button as /devices/LNXSYSTM:00/LNXPWRBN:00/input/input0
[    0.427820] ACPI: button: Power Button [PWRF]
[    0.427867] input: Sleep Button as /devices/LNXSYSTM:00/LNXSLPBN:00/input/input1
[    0.427883] ACPI: button: Sleep Button [SLPF]
[    0.427944] ACPI: video: Video Device [GFX0] (multi-head: yes  rom: no  post: no)
[    0.427984] input: Video Bus as /devices/LNXSYSTM:00/LNXSYBUS:00/PNP0A03:00/LNXVIDEO:00/input/input2
[    0.428407] Serial: 8250/16550 driver, 4 ports, IRQ sharing enabled
[    0.428664] Non-volatile memory driver v1.3
[    0.428667] Linux agpgart interface v0.103
[    0.428720] ACPI: bus type drm_connector registered
[    0.430999] loop: module loaded
[    0.431048] ahci 0000:00:0d.0: version 3.0
[    0.431559] ahci 0000:00:0d.0: SSS flag set, parallel bus scan disabled
[    0.431737] ahci 0000:00:0d.0: AHCI 0001.0100 32 slots 2 ports 3 Gbps 0x3 impl SATA mode
[    0.431742] ahci 0000:00:0d.0: flags: 64bit ncq stag only ccc 
[    0.432297] scsi host0: ahci
[    0.432466] scsi host1: ahci
[    0.432507] ata1: SATA max UDMA/133 abar m8192@0xf0840000 port 0xf0840100 irq 21
[    0.432515] ata2: SATA max UDMA/133 abar m8192@0xf0840000 port 0xf0840180 irq 21
[    0.432537] ata_piix 0000:00:01.1: version 2.13
[    0.433097] scsi host2: ata_piix
[    0.433348] scsi host3: ata_piix
[    0.433377] ata3: PATA max UDMA/33 cmd 0x1f0 ctl 0x3f6 bmdma 0xd000 irq 14
[    0.433380] ata4: PATA max UDMA/33 cmd 0x170 ctl 0x376 bmdma 0xd008 irq 15
[    0.433551] e100: Intel(R) PRO/100 Network Driver
[    0.433553] e100: Copyright(c) 1999-2006 Intel Corporation
[    0.433561] e1000: Intel(R) PRO/1000 Network Driver
[    0.433562] e1000: Copyright (c) 1999-2006 Intel Corporation.
[    0.592571] ata3.00: ATAPI: VBOX CD-ROM, 1.0, max UDMA/133
[    0.592754] ata4.00: ATAPI: VBOX CD-ROM, 1.0, max UDMA/133
[    0.741287] ata1: SATA link down (SStatus 0 SControl 300)
[    0.784113] e1000 0000:00:03.0 eth0: (PCI:33MHz:32-bit) 08:00:27:df:65:b8
[    0.784177] e1000 0000:00:03.0 eth0: Intel(R) PRO/1000 Network Connection
[    1.053231] ata2: SATA link up 3.0 Gbps (SStatus 123 SControl 300)
[    1.053395] ata2.00: ATA-6: VBOX HARDDISK, 1.0, max UDMA/133
[    1.053400] ata2.00: 41943040 sectors, multi 128: LBA48 NCQ (depth 32)
[    1.053650] ata2.00: configured for UDMA/133
[    1.053777] scsi 1:0:0:0: Direct-Access     ATA      VBOX HARDDISK    1.0  PQ: 0 ANSI: 5
[    1.054251] sd 1:0:0:0: [sda] 41943040 512-byte logical blocks: (21.5 GB/20.0 GiB)
[    1.054276] sd 1:0:0:0: [sda] Write Protect is off
[    1.054279] sd 1:0:0:0: [sda] Mode Sense: 00 3a 00 00
[    1.054319] sd 1:0:0:0: [sda] Write cache: enabled, read cache: enabled, doesn't support DPO or FUA
[    1.054377] sd 1:0:0:0: [sda] Preferred minimum I/O size 512 bytes
[    1.056900] sd 1:0:0:0: Attached scsi generic sg0 type 0
[    1.057893] scsi 2:0:0:0: CD-ROM            VBOX     CD-ROM           1.0  PQ: 0 ANSI: 5
[    1.058703]  sda: sda1 sda2 sda3
[    1.058828] sd 1:0:0:0: [sda] Attached SCSI disk
[    1.076553] sr 2:0:0:0: [sr0] scsi3-mmc drive: 32x/32x xa/form2 tray
[    1.076557] cdrom: Uniform CD-ROM driver Revision: 3.20
[    1.093127] sr 2:0:0:0: Attached scsi CD-ROM sr0
[    1.093180] sr 2:0:0:0: Attached scsi generic sg1 type 5
[    1.093683] scsi 3:0:0:0: CD-ROM            VBOX     CD-ROM           1.0  PQ: 0 ANSI: 5
[    1.316803] sr 3:0:0:0: [sr1] scsi3-mmc drive: 32x/32x xa/form2 tray
[    1.331053] e1000 0000:00:08.0 eth1: (PCI:33MHz:32-bit) 08:00:27:61:34:72
[    1.331062] e1000 0000:00:08.0 eth1: Intel(R) PRO/1000 Network Connection
[    1.331091] e1000e: Intel(R) PRO/1000 Network Driver
[    1.331094] e1000e: Copyright(c) 1999 - 2015 Intel Corporation.
[    1.331115] sky2: driver version 1.30
[    1.331535] ehci_hcd: USB 2.0 'Enhanced' Host Controller (EHCI) Driver
[    1.331541] ehci-pci: EHCI PCI platform driver
[    1.331561] ohci_hcd: USB 1.1 'Open' Host Controller (OHCI) Driver
[    1.331570] ohci-pci: OHCI PCI platform driver
[    1.332064] ohci-pci 0000:00:06.0: OHCI PCI host controller
[    1.335721] ohci-pci 0000:00:06.0: new USB bus registered, assigned bus number 1
[    1.335829] ohci-pci 0000:00:06.0: irq 22, io mem 0xf0804000
[    1.340595] sr 3:0:0:0: Attached scsi CD-ROM sr1
[    1.340676] sr 3:0:0:0: Attached scsi generic sg2 type 5
[    1.388727] usb usb1: New USB device found, idVendor=1d6b, idProduct=0001, bcdDevice= 5.18
[    1.388734] usb usb1: New USB device strings: Mfr=3, Product=2, SerialNumber=1
[    1.388738] usb usb1: Product: OHCI PCI host controller
[    1.388739] usb usb1: Manufacturer: Linux 5.18.0-nieyraud-11439-g8ab2afa23bd1-dirty ohci_hcd
[    1.388805] usb usb1: SerialNumber: 0000:00:06.0
[    1.392189] hub 1-0:1.0: USB hub found
[    1.392220] hub 1-0:1.0: 12 ports detected
[    1.393402] uhci_hcd: USB Universal Host Controller Interface driver
[    1.393445] usbcore: registered new interface driver usblp
[    1.393460] usbcore: registered new interface driver usb-storage
[    1.393489] i8042: PNP: PS/2 Controller [PNP0303:PS2K,PNP0f03:PS2M] at 0x60,0x64 irq 1,12
[    1.394114] serio: i8042 KBD port at 0x60,0x64 irq 1
[    1.394126] serio: i8042 AUX port at 0x60,0x64 irq 12
[    1.397465] input: AT Translated Set 2 keyboard as /devices/platform/i8042/serio0/input/input3
[    1.399449] rtc_cmos rtc_cmos: registered as rtc0
[    1.399476] rtc_cmos rtc_cmos: alarms up to one day, 114 bytes nvram
[    1.399606] device-mapper: ioctl: 4.46.0-ioctl (2022-02-22) initialised: dm-devel@redhat.com
[    1.399613] intel_pstate: CPU model not supported
[    1.399627] hid: raw HID events driver (C) Jiri Kosina
[    1.400746] usbcore: registered new interface driver usbhid
[    1.400746] usbhid: USB HID core driver
[    1.400746] Initializing XFRM netlink socket
[    1.400746] NET: Registered PF_INET6 protocol family
[    1.400747] Segment Routing with IPv6
[    1.400747] In-situ OAM (IOAM) with IPv6
[    1.400747] sit: IPv6, IPv4 and MPLS over IPv4 tunneling driver
[    1.400747] NET: Registered PF_PACKET protocol family
[    1.400747] Key type dns_resolver registered
[    1.400748] IPI shorthand broadcast: enabled
[    1.400748] sched_clock: Marking stable (1374334068, 26413999)->(1405652994, -4904927)
[    1.400748] registered taskstats version 1
[    1.400748] Loading compiled-in X.509 certificates
[    1.400748] cryptomgr_test (55) used greatest stack depth: 15520 bytes left
[    1.405463] cryptomgr_test (56) used greatest stack depth: 15128 bytes left
[    1.411401] PM:   Magic number: 10:501:623
[    1.411575] printk: console [netcon0] enabled
[    1.411579] netconsole: network logging started
[    1.411741] cfg80211: Loading compiled-in X.509 certificates for regulatory database
[    1.411799] printk: console [netcon0] printing thread started
[    1.412924] kworker/u4:3 (78) used greatest stack depth: 14736 bytes left
[    1.413485] cryptomgr_probe (80) used greatest stack depth: 14480 bytes left
[    1.413802] cfg80211: Loaded X.509 cert 'sforshee: 00b28ddf47aef9cea7'
[    1.413823] ALSA device list:
[    1.413825]   No soundcards found.
[    1.414094] platform regulatory.0: Direct firmware load for regulatory.db failed with error -2
[    1.414098] cfg80211: failed to load regulatory.db
[    1.537342] tsc: Refined TSC clocksource calibration: 2893.432 MHz
[    1.537380] clocksource: tsc: mask: 0xffffffffffffffff max_cycles: 0x29b506bc3f7, max_idle_ns: 440795308319 ns
[    1.537539] clocksource: Switched to clocksource tsc
[    1.606745] input: ImExPS/2 Generic Explorer Mouse as /devices/platform/i8042/serio1/input/input5
[    1.607035] md: Waiting for all devices to be available before autodetect
[    1.607038] md: If you don't use raid, use raid=noautodetect
[    1.607093] md: Autodetecting RAID arrays.
[    1.607095] md: autorun ...
[    1.607096] md: ... autorun DONE.
[    1.681577] EXT4-fs (sda3): INFO: recovery required on readonly filesystem
[    1.681583] EXT4-fs (sda3): write access will be enabled during recovery
[    1.735442] usb 1-1: new full-speed USB device number 2 using ohci-pci
[    2.061950] usb 1-1: New USB device found, idVendor=80ee, idProduct=0021, bcdDevice= 1.00
[    2.061960] usb 1-1: New USB device strings: Mfr=1, Product=3, SerialNumber=0
[    2.061966] usb 1-1: Product: USB Tablet
[    2.061970] usb 1-1: Manufacturer: VirtualBox
[    2.077971] input: VirtualBox USB Tablet as /devices/pci0000:00/0000:00:06.0/usb1/1-1/1-1:1.0/0003:80EE:0021.0001/input/input6
[    2.078586] hid-generic 0003:80EE:0021.0001: input,hidraw0: USB HID v1.10 Mouse [VirtualBox USB Tablet] on usb-0000:00:06.0-1/input0
[    3.289744] EXT4-fs (sda3): recovery complete
[    3.294835] EXT4-fs (sda3): mounted filesystem with ordered data mode. Quota mode: none.
[    3.294866] VFS: Mounted root (ext4 filesystem) readonly on device 8:3.
[    3.320718] devtmpfs: mounted
[    3.321663] Freeing unused kernel image (initmem) memory: 1252K
[    3.321748] Write protecting the kernel read-only data: 24576k
[    3.323514] Freeing unused kernel image (text/rodata gap) memory: 2032K
[    3.323980] Freeing unused kernel image (rodata/data gap) memory: 1128K
[    3.324050] Run /sbin/init as init process
[    3.324054]   with arguments:
[    3.324057]     /sbin/init
[    3.324061]   with environment:
[    3.324064]     HOME=/
[    3.324067]     TERM=linux
[    3.324070]     BOOT_IMAGE=/vmlinuz-5.18.8-nieyraud
[    4.017223] random: crng init done
[    5.403090] systemd-debug-g (87) used greatest stack depth: 14168 bytes left
[    5.403608] systemd-run-gen (93) used greatest stack depth: 14160 bytes left
[    5.510624] systemd-fstab-g (88) used greatest stack depth: 13768 bytes left
[    6.288125] modprobe (96) used greatest stack depth: 13736 bytes left
[    6.408895] mount (97) used greatest stack depth: 13104 bytes left
[    6.707093] EXT4-fs (sda3): re-mounted. Quota mode: none.
[    7.704064] hrtimer: interrupt took 5522040 ns
[    9.263739] Adding 1048572k swap on /dev/sda2.  Priority:1 extents:1 across:1048572k 
[    9.557710] EXT4-fs (sda1): mounting ext2 file system using the ext4 subsystem
[    9.569014] EXT4-fs (sda1): mounted filesystem without journal. Quota mode: none.
[   10.973005] e2scrub_all (173) used greatest stack depth: 12984 bytes left
[   10.991389] e1000: eth0 NIC Link is Up 1000 Mbps Full Duplex, Flow Control: RX
[   10.991652] IPv6: ADDRCONF(NETDEV_CHANGE): eth0: link becomes ready
[   71.749707] make (442) used greatest stack depth: 12848 bytes left
[  788.603252] clocksource: timekeeping watchdog on CPU0: acpi_pm wd-wd read-back delay of 59504ns
[  788.603635] clocksource: wd-tsc-wd read-back delay of 219301ns, clock-skew test skipped!
[  968.609472] clocksource: timekeeping watchdog on CPU0: acpi_pm wd-wd read-back delay of 77104ns
[  968.609713] clocksource: wd-tsc-wd read-back delay of 108393ns, clock-skew test skipped!
[  993.338574] kworker/dying (52) used greatest stack depth: 12400 bytes left
[ 1447.608340] clocksource: timekeeping watchdog on CPU0: acpi_pm wd-wd read-back delay of 50844ns
[ 1447.608366] clocksource: wd-tsc-wd read-back delay of 117612ns, clock-skew test skipped!
[ 1467.107248] clocksource: timekeeping watchdog on CPU1: acpi_pm wd-wd read-back delay of 117892ns
[ 1467.107287] clocksource: wd-tsc-wd read-back delay of 232431ns, clock-skew test skipped!
