[    0.000000] Linux version 5.18.0-thor_kernel-11439-g8ab2afa23bd1-dirty (root@lmartin) (gcc (GCC) 12.1.0, GNU ld (GNU Binutils) 2.38) #2 SMP PREEMPT_DYNAMIC Wed Jun 1 12:14:43 CEST 2022
[    0.000000] Command line: BOOT_IMAGE=/vmlinuz-5.18.0-nieyraud root=/dev/sda3 ro
[    0.000000] x86/fpu: Supporting XSAVE feature 0x001: 'x87 floating point registers'
[    0.000000] x86/fpu: Supporting XSAVE feature 0x002: 'SSE registers'
[    0.000000] x86/fpu: Supporting XSAVE feature 0x004: 'AVX registers'
[    0.000000] x86/fpu: xstate_offset[2]:  576, xstate_sizes[2]:  256
[    0.000000] x86/fpu: Enabled xstate features 0x7, context size is 832 bytes, using 'standard' format.
[    0.000000] signal: max sigframe size: 1776
[    0.000000] BIOS-provided physical RAM map:
[    0.000000] BIOS-e820: [mem 0x0000000000000000-0x000000000009fbff] usable
[    0.000000] BIOS-e820: [mem 0x000000000009fc00-0x000000000009ffff] reserved
[    0.000000] BIOS-e820: [mem 0x00000000000f0000-0x00000000000fffff] reserved
[    0.000000] BIOS-e820: [mem 0x0000000000100000-0x00000000dffeffff] usable
[    0.000000] BIOS-e820: [mem 0x00000000dfff0000-0x00000000dfffffff] ACPI data
[    0.000000] BIOS-e820: [mem 0x00000000fec00000-0x00000000fec00fff] reserved
[    0.000000] BIOS-e820: [mem 0x00000000fee00000-0x00000000fee00fff] reserved
[    0.000000] BIOS-e820: [mem 0x00000000fffc0000-0x00000000ffffffff] reserved
[    0.000000] BIOS-e820: [mem 0x0000000100000000-0x000000011fffffff] usable
[    0.000000] NX (Execute Disable) protection: active
[    0.000000] SMBIOS 2.5 present.
[    0.000000] DMI: innotek GmbH VirtualBox/VirtualBox, BIOS VirtualBox 12/01/2006
[    0.000000] Hypervisor detected: KVM
[    0.000000] kvm-clock: Using msrs 4b564d01 and 4b564d00
[    0.000002] kvm-clock: using sched offset of 8917211999 cycles
[    0.000006] clocksource: kvm-clock: mask: 0xffffffffffffffff max_cycles: 0x1cd42e4dffb, max_idle_ns: 881590591483 ns
[    0.000008] tsc: Detected 2893.426 MHz processor
[    0.000788] e820: update [mem 0x00000000-0x00000fff] usable ==> reserved
[    0.000791] e820: remove [mem 0x000a0000-0x000fffff] usable
[    0.000795] last_pfn = 0x120000 max_arch_pfn = 0x400000000
[    0.000804] Disabled
[    0.000804] x86/PAT: MTRRs disabled, skipping PAT initialization too.
[    0.000807] CPU MTRRs all blank - virtualized system.
[    0.000808] x86/PAT: Configuration [0-7]: WB  WT  UC- UC  WB  WT  UC- UC  
[    0.000810] last_pfn = 0xdfff0 max_arch_pfn = 0x400000000
[    0.000844] found SMP MP-table at [mem 0x0009fff0-0x0009ffff]
[    0.001340] ACPI: Early table checksum verification disabled
[    0.001343] ACPI: RSDP 0x00000000000E0000 000024 (v02 VBOX  )
[    0.001347] ACPI: XSDT 0x00000000DFFF0030 00003C (v01 VBOX   VBOXXSDT 00000001 ASL  00000061)
[    0.001351] ACPI: FACP 0x00000000DFFF00F0 0000F4 (v04 VBOX   VBOXFACP 00000001 ASL  00000061)
[    0.001355] ACPI: DSDT 0x00000000DFFF0470 002325 (v02 VBOX   VBOXBIOS 00000002 INTL 20190509)
[    0.001358] ACPI: FACS 0x00000000DFFF0200 000040
[    0.001360] ACPI: FACS 0x00000000DFFF0200 000040
[    0.001362] ACPI: APIC 0x00000000DFFF0240 00005C (v02 VBOX   VBOXAPIC 00000001 ASL  00000061)
[    0.001364] ACPI: SSDT 0x00000000DFFF02A0 0001CC (v01 VBOX   VBOXCPUT 00000002 INTL 20190509)
[    0.001366] ACPI: Reserving FACP table memory at [mem 0xdfff00f0-0xdfff01e3]
[    0.001367] ACPI: Reserving DSDT table memory at [mem 0xdfff0470-0xdfff2794]
[    0.001368] ACPI: Reserving FACS table memory at [mem 0xdfff0200-0xdfff023f]
[    0.001368] ACPI: Reserving FACS table memory at [mem 0xdfff0200-0xdfff023f]
[    0.001369] ACPI: Reserving APIC table memory at [mem 0xdfff0240-0xdfff029b]
[    0.001369] ACPI: Reserving SSDT table memory at [mem 0xdfff02a0-0xdfff046b]
[    0.001532] No NUMA configuration found
[    0.001533] Faking a node at [mem 0x0000000000000000-0x000000011fffffff]
[    0.001536] NODE_DATA(0) allocated [mem 0x11fff8000-0x11fffbfff]
[    0.001547] Zone ranges:
[    0.001547]   DMA      [mem 0x0000000000001000-0x0000000000ffffff]
[    0.001549]   DMA32    [mem 0x0000000001000000-0x00000000ffffffff]
[    0.001550]   Normal   [mem 0x0000000100000000-0x000000011fffffff]
[    0.001551] Movable zone start for each node
[    0.001551] Early memory node ranges
[    0.001552]   node   0: [mem 0x0000000000001000-0x000000000009efff]
[    0.001553]   node   0: [mem 0x0000000000100000-0x00000000dffeffff]
[    0.001554]   node   0: [mem 0x0000000100000000-0x000000011fffffff]
[    0.001555] Initmem setup node 0 [mem 0x0000000000001000-0x000000011fffffff]
[    0.001888] On node 0, zone DMA: 1 pages in unavailable ranges
[    0.001903] On node 0, zone DMA: 97 pages in unavailable ranges
[    0.015498] On node 0, zone Normal: 16 pages in unavailable ranges
[    0.015877] ACPI: PM-Timer IO Port: 0x4008
[    0.015927] IOAPIC[0]: apic_id 2, version 32, address 0xfec00000, GSI 0-23
[    0.015929] ACPI: INT_SRC_OVR (bus 0 bus_irq 0 global_irq 2 dfl dfl)
[    0.015931] ACPI: INT_SRC_OVR (bus 0 bus_irq 9 global_irq 9 low level)
[    0.015934] ACPI: Using ACPI (MADT) for SMP configuration information
[    0.015939] smpboot: Allowing 2 CPUs, 0 hotplug CPUs
[    0.015958] PM: hibernation: Registered nosave memory: [mem 0x00000000-0x00000fff]
[    0.015959] PM: hibernation: Registered nosave memory: [mem 0x0009f000-0x0009ffff]
[    0.015960] PM: hibernation: Registered nosave memory: [mem 0x000a0000-0x000effff]
[    0.015961] PM: hibernation: Registered nosave memory: [mem 0x000f0000-0x000fffff]
[    0.015962] PM: hibernation: Registered nosave memory: [mem 0xdfff0000-0xdfffffff]
[    0.015962] PM: hibernation: Registered nosave memory: [mem 0xe0000000-0xfebfffff]
[    0.015963] PM: hibernation: Registered nosave memory: [mem 0xfec00000-0xfec00fff]
[    0.015963] PM: hibernation: Registered nosave memory: [mem 0xfec01000-0xfedfffff]
[    0.015964] PM: hibernation: Registered nosave memory: [mem 0xfee00000-0xfee00fff]
[    0.015965] PM: hibernation: Registered nosave memory: [mem 0xfee01000-0xfffbffff]
[    0.015965] PM: hibernation: Registered nosave memory: [mem 0xfffc0000-0xffffffff]
[    0.015966] [mem 0xe0000000-0xfebfffff] available for PCI devices
[    0.015967] Booting paravirtualized kernel on KVM
[    0.015969] clocksource: refined-jiffies: mask: 0xffffffff max_cycles: 0xffffffff, max_idle_ns: 1910969940391419 ns
[    0.020828] setup_percpu: NR_CPUS:64 nr_cpumask_bits:64 nr_cpu_ids:2 nr_node_ids:1
[    0.021270] percpu: Embedded 52 pages/cpu s176040 r8192 d28760 u1048576
[    0.021274] pcpu-alloc: s176040 r8192 d28760 u1048576 alloc=1*2097152
[    0.021277] pcpu-alloc: [0] 0 1 
[    0.021293] Fallback order for Node 0: 0 
[    0.021295] Built 1 zonelists, mobility grouping on.  Total pages: 1031920
[    0.021296] Policy zone: Normal
[    0.021297] Kernel command line: BOOT_IMAGE=/vmlinuz-5.18.0-nieyraud root=/dev/sda3 ro
[    0.021317] Unknown kernel command line parameters "BOOT_IMAGE=/vmlinuz-5.18.0-nieyraud", will be passed to user space.
[    0.022105] Dentry cache hash table entries: 524288 (order: 10, 4194304 bytes, linear)
[    0.022543] Inode-cache hash table entries: 262144 (order: 9, 2097152 bytes, linear)
[    0.022575] mem auto-init: stack:all(zero), heap alloc:off, heap free:off
[    0.049563] Memory: 4019592K/4193848K available (16396K kernel code, 2655K rwdata, 5164K rodata, 1268K init, 1256K bss, 173996K reserved, 0K cma-reserved)
[    0.049594] SLUB: HWalign=64, Order=0-3, MinObjects=0, CPUs=2, Nodes=1
[    0.049599] Kernel/User page tables isolation: enabled
[    0.050507] Dynamic Preempt: voluntary
[    0.050851] rcu: Preemptible hierarchical RCU implementation.
[    0.050852] rcu: 	RCU event tracing is enabled.
[    0.050852] rcu: 	RCU restricting CPUs from NR_CPUS=64 to nr_cpu_ids=2.
[    0.050854] 	Trampoline variant of Tasks RCU enabled.
[    0.050854] rcu: RCU calculated value of scheduler-enlistment delay is 100 jiffies.
[    0.050855] rcu: Adjusting geometry for rcu_fanout_leaf=16, nr_cpu_ids=2
[    0.051851] NR_IRQS: 4352, nr_irqs: 440, preallocated irqs: 16
[    0.052022] rcu: srcu_init: Setting srcu_struct sizes based on contention.
[    0.056838] Console: colour VGA+ 80x25
[    0.084901] printk: console [tty0] enabled
[    0.085118] ACPI: Core revision 20220331
[    0.085395] APIC: Switch to symmetric I/O mode setup
[    0.086733] ..TIMER: vector=0x30 apic1=0 pin1=2 apic2=-1 pin2=-1
[    0.087009] clocksource: tsc-early: mask: 0xffffffffffffffff max_cycles: 0x29b500ca33a, max_idle_ns: 440795203665 ns
[    0.087429] Calibrating delay loop (skipped) preset value.. 5786.85 BogoMIPS (lpj=2893426)
[    0.087784] pid_max: default: 32768 minimum: 301
[    0.088007] LSM: Security Framework initializing
[    0.088227] SELinux:  Initializing.
[    0.088425] Mount-cache hash table entries: 8192 (order: 4, 65536 bytes, linear)
[    0.088425] Mountpoint-cache hash table entries: 8192 (order: 4, 65536 bytes, linear)
[    0.088425] Last level iTLB entries: 4KB 512, 2MB 8, 4MB 8
[    0.088425] Last level dTLB entries: 4KB 512, 2MB 32, 4MB 32, 1GB 0
[    0.088425] Spectre V1 : Mitigation: usercopy/swapgs barriers and __user pointer sanitization
[    0.088425] Spectre V2 : Mitigation: Retpolines
[    0.088425] Spectre V2 : Spectre v2 / SpectreRSB mitigation: Filling RSB on context switch
[    0.088425] Speculative Store Bypass: Vulnerable
[    0.088432] SRBDS: Unknown: Dependent on hypervisor status
[    0.088649] MDS: Mitigation: Clear CPU buffers
[    0.090301] Freeing SMP alternatives memory: 44K
[    0.197719] APIC calibration not consistent with PM-Timer: 102ms instead of 100ms
[    0.198031] APIC delta adjusted to PM-Timer: 6285451 (6428947)
[    0.198316] smpboot: CPU0: Intel(R) Core(TM) i5-3470S CPU @ 2.90GHz (family: 0x6, model: 0x3a, stepping: 0x9)
[    0.198425] cblist_init_generic: Setting adjustable number of callback queues.
[    0.198425] cblist_init_generic: Setting shift to 1 and lim to 1.
[    0.198442] Performance Events: unsupported p6 CPU model 58 no PMU driver, software events only.
[    0.198863] rcu: Hierarchical SRCU implementation.
[    0.198872] printk: console [tty0] printing thread started
[    0.199653] smp: Bringing up secondary CPUs ...
[    0.200120] x86: Booting SMP configuration:
[    0.200121] .... node  #0, CPUs:      #1
[    0.201582] smp: Brought up 1 node, 2 CPUs
[    0.201585] smpboot: Max logical packages: 1
[    0.201585] smpboot: Total of 2 processors activated (11573.70 BogoMIPS)
[    0.203432] devtmpfs: initialized
[    0.203598] clocksource: jiffies: mask: 0xffffffff max_cycles: 0xffffffff, max_idle_ns: 1911260446275000 ns
[    0.203598] futex hash table entries: 512 (order: 3, 32768 bytes, linear)
[    0.203598] PM: RTC time: 10:17:27, date: 2022-06-01
[    0.203773] NET: Registered PF_NETLINK/PF_ROUTE protocol family
[    0.203837] audit: initializing netlink subsys (disabled)
[    0.203871] audit: type=2000 audit(1654078658.066:1): state=initialized audit_enabled=0 res=1
[    0.203871] thermal_sys: Registered thermal governor 'step_wise'
[    0.203871] thermal_sys: Registered thermal governor 'user_space'
[    0.207141] cpuidle: using governor menu
[    0.207250] PCI: Using configuration type 1 for base access
[    0.209634] kprobes: kprobe jump-optimization is enabled. All kprobes are optimized if possible.
[    0.314982] HugeTLB: can optimize 7 vmemmap pages for hugepages-2048kB
[    0.314982] HugeTLB registered 2.00 MiB page size, pre-allocated 0 pages
[    0.314982] ACPI: Added _OSI(Module Device)
[    0.314982] ACPI: Added _OSI(Processor Device)
[    0.314982] ACPI: Added _OSI(3.0 _SCP Extensions)
[    0.314982] ACPI: Added _OSI(Processor Aggregator Device)
[    0.314982] ACPI: Added _OSI(Linux-Dell-Video)
[    0.314982] ACPI: Added _OSI(Linux-Lenovo-NV-HDMI-Audio)
[    0.314982] ACPI: Added _OSI(Linux-HPI-Hybrid-Graphics)
[    0.316425] ACPI: 2 ACPI AML tables successfully acquired and loaded
[    0.317579] ACPI: Interpreter enabled
[    0.317596] ACPI: PM: (supports S0 S5)
[    0.317597] ACPI: Using IOAPIC for interrupt routing
[    0.317716] PCI: Using host bridge windows from ACPI; if necessary, use "pci=nocrs" and report a bug
[    0.317717] PCI: Using E820 reservations for host bridge windows
[    0.317802] ACPI: Enabled 2 GPEs in block 00 to 07
[    0.321622] ACPI: PCI Root Bridge [PCI0] (domain 0000 [bus 00-ff])
[    0.321628] acpi PNP0A03:00: _OSC: OS supports [ASPM ClockPM Segments MSI HPX-Type3]
[    0.321630] acpi PNP0A03:00: _OSC: not requesting OS control; OS requires [ExtendedConfig ASPM ClockPM MSI]
[    0.321913] acpi PNP0A03:00: fail to add MMCONFIG information, can't access extended PCI configuration space under this bridge.
[    0.321992] PCI host bridge to bus 0000:00
[    0.321994] pci_bus 0000:00: root bus resource [io  0x0000-0x0cf7 window]
[    0.321996] pci_bus 0000:00: root bus resource [io  0x0d00-0xffff window]
[    0.321997] pci_bus 0000:00: root bus resource [mem 0x000a0000-0x000bffff window]
[    0.321998] pci_bus 0000:00: root bus resource [mem 0xe0000000-0xfdffffff window]
[    0.322000] pci_bus 0000:00: root bus resource [bus 00-ff]
[    0.322166] pci 0000:00:00.0: [8086:1237] type 00 class 0x060000
[    0.322588] pci 0000:00:01.0: [8086:7000] type 00 class 0x060100
[    0.323172] pci 0000:00:01.1: [8086:7111] type 00 class 0x01018a
[    0.323483] pci 0000:00:01.1: reg 0x20: [io  0xd000-0xd00f]
[    0.323620] pci 0000:00:01.1: legacy IDE quirk: reg 0x10: [io  0x01f0-0x01f7]
[    0.323621] pci 0000:00:01.1: legacy IDE quirk: reg 0x14: [io  0x03f6]
[    0.323622] pci 0000:00:01.1: legacy IDE quirk: reg 0x18: [io  0x0170-0x0177]
[    0.323623] pci 0000:00:01.1: legacy IDE quirk: reg 0x1c: [io  0x0376]
[    0.323765] pci 0000:00:02.0: [15ad:0405] type 00 class 0x030000
[    0.325434] pci 0000:00:02.0: reg 0x10: [io  0xd010-0xd01f]
[    0.327428] pci 0000:00:02.0: reg 0x14: [mem 0xe0000000-0xe0ffffff pref]
[    0.329431] pci 0000:00:02.0: reg 0x18: [mem 0xf0000000-0xf01fffff]
[    0.337481] pci 0000:00:02.0: Video device with shadowed ROM at [mem 0x000c0000-0x000dffff]
[    0.338659] pci 0000:00:03.0: [8086:100e] type 00 class 0x020000
[    0.340434] pci 0000:00:03.0: reg 0x10: [mem 0xf0200000-0xf021ffff]
[    0.344428] pci 0000:00:03.0: reg 0x18: [io  0xd020-0xd027]
[    0.352774] pci 0000:00:04.0: [80ee:cafe] type 00 class 0x088000
[    0.354434] pci 0000:00:04.0: reg 0x10: [io  0xd040-0xd05f]
[    0.355478] pci 0000:00:04.0: reg 0x14: [mem 0xf0400000-0xf07fffff]
[    0.357486] pci 0000:00:04.0: reg 0x18: [mem 0xf0800000-0xf0803fff pref]
[    0.366570] pci 0000:00:05.0: [8086:2415] type 00 class 0x040100
[    0.366709] pci 0000:00:05.0: reg 0x10: [io  0xd100-0xd1ff]
[    0.366764] pci 0000:00:05.0: reg 0x14: [io  0xd200-0xd23f]
[    0.367592] pci 0000:00:06.0: [106b:003f] type 00 class 0x0c0310
[    0.368481] pci 0000:00:06.0: reg 0x10: [mem 0xf0804000-0xf0804fff]
[    0.380607] pci 0000:00:07.0: [8086:7113] type 00 class 0x068000
[    0.381070] pci 0000:00:07.0: quirk: [io  0x4000-0x403f] claimed by PIIX4 ACPI
[    0.381080] pci 0000:00:07.0: quirk: [io  0x4100-0x410f] claimed by PIIX4 SMB
[    0.381319] pci 0000:00:08.0: [8086:100e] type 00 class 0x020000
[    0.382484] pci 0000:00:08.0: reg 0x10: [mem 0xf0820000-0xf083ffff]
[    0.386429] pci 0000:00:08.0: reg 0x18: [io  0xd240-0xd247]
[    0.395718] pci 0000:00:0d.0: [8086:2829] type 00 class 0x010601
[    0.396480] pci 0000:00:0d.0: reg 0x10: [io  0xd248-0xd24f]
[    0.398428] pci 0000:00:0d.0: reg 0x14: [io  0xd250-0xd253]
[    0.400431] pci 0000:00:0d.0: reg 0x18: [io  0xd258-0xd25f]
[    0.401499] pci 0000:00:0d.0: reg 0x1c: [io  0xd260-0xd263]
[    0.404431] pci 0000:00:0d.0: reg 0x20: [io  0xd270-0xd27f]
[    0.406431] pci 0000:00:0d.0: reg 0x24: [mem 0xf0840000-0xf0841fff]
[    0.410624] ACPI: PCI: Interrupt link LNKA configured for IRQ 11
[    0.410818] ACPI: PCI: Interrupt link LNKB configured for IRQ 10
[    0.410898] ACPI: PCI: Interrupt link LNKC configured for IRQ 9
[    0.410978] ACPI: PCI: Interrupt link LNKD configured for IRQ 11
[    0.411099] iommu: Default domain type: Translated 
[    0.411100] iommu: DMA domain TLB invalidation policy: lazy mode 
[    0.411155] SCSI subsystem initialized
[    0.413457] libata version 3.00 loaded.
[    0.413478] ACPI: bus type USB registered
[    0.413491] usbcore: registered new interface driver usbfs
[    0.414429] usbcore: registered new interface driver hub
[    0.414434] usbcore: registered new device driver usb
[    0.414446] pps_core: LinuxPPS API ver. 1 registered
[    0.414446] pps_core: Software ver. 5.3.6 - Copyright 2005-2007 Rodolfo Giometti <giometti@linux.it>
[    0.414448] PTP clock support registered
[    0.414502] Advanced Linux Sound Architecture Driver Initialized.
[    0.414611] NetLabel: Initializing
[    0.414611] NetLabel:  domain hash size = 128
[    0.414612] NetLabel:  protocols = UNLABELED CIPSOv4 CALIPSO
[    0.414624] NetLabel:  unlabeled traffic allowed by default
[    0.415441] PCI: Using ACPI for IRQ routing
[    0.415442] PCI: pci_cache_line_size set to 64 bytes
[    0.418450] e820: reserve RAM buffer [mem 0x0009fc00-0x0009ffff]
[    0.418452] e820: reserve RAM buffer [mem 0xdfff0000-0xdfffffff]
[    0.418506] pci 0000:00:02.0: vgaarb: setting as boot VGA device
[    0.418506] pci 0000:00:02.0: vgaarb: bridge control possible
[    0.418506] pci 0000:00:02.0: vgaarb: VGA device added: decodes=io+mem,owns=io+mem,locks=none
[    0.418506] vgaarb: loaded
[    0.418716] clocksource: Switched to clocksource kvm-clock
[    0.427573] VFS: Disk quotas dquot_6.6.0
[    0.427584] VFS: Dquot-cache hash table entries: 512 (order 0, 4096 bytes)
[    0.427630] pnp: PnP ACPI init
[    0.428414] pnp: PnP ACPI: found 2 devices
[    0.446385] clocksource: acpi_pm: mask: 0xffffff max_cycles: 0xffffff, max_idle_ns: 2085701024 ns
[    0.446410] NET: Registered PF_INET protocol family
[    0.446474] IP idents hash table entries: 65536 (order: 7, 524288 bytes, linear)
[    0.446474] tcp_listen_portaddr_hash hash table entries: 2048 (order: 3, 32768 bytes, linear)
[    0.446474] TCP established hash table entries: 32768 (order: 6, 262144 bytes, linear)
[    0.446474] TCP bind bhash tables hash table entries: 32768 (order: 7, 786432 bytes, linear)
[    0.446474] TCP: Hash tables configured (established 32768 bind 32768)
[    0.446474] UDP hash table entries: 2048 (order: 4, 65536 bytes, linear)
[    0.446474] UDP-Lite hash table entries: 2048 (order: 4, 65536 bytes, linear)
[    0.446474] NET: Registered PF_UNIX/PF_LOCAL protocol family
[    0.448144] RPC: Registered named UNIX socket transport module.
[    0.448145] RPC: Registered udp transport module.
[    0.448145] RPC: Registered tcp transport module.
[    0.448146] RPC: Registered tcp NFSv4.1 backchannel transport module.
[    0.448331] pci_bus 0000:00: resource 4 [io  0x0000-0x0cf7 window]
[    0.448334] pci_bus 0000:00: resource 5 [io  0x0d00-0xffff window]
[    0.448336] pci_bus 0000:00: resource 6 [mem 0x000a0000-0x000bffff window]
[    0.448337] pci_bus 0000:00: resource 7 [mem 0xe0000000-0xfdffffff window]
[    0.448371] pci 0000:00:00.0: Limiting direct PCI/PCI transfers
[    0.448382] pci 0000:00:01.0: Activating ISA DMA hang workarounds
[    0.449481] PCI: CLS 0 bytes, default 64
[    0.449486] PCI-DMA: Using software bounce buffering for IO (SWIOTLB)
[    0.449486] software IO TLB: mapped [mem 0x00000000dbff0000-0x00000000dfff0000] (64MB)
[    0.449621] RAPL PMU: API unit is 2^-32 Joules, 0 fixed counters, 10737418240 ms ovfl timer
[    0.449628] clocksource: tsc: mask: 0xffffffffffffffff max_cycles: 0x29b500ca33a, max_idle_ns: 440795203665 ns
[    0.449982] clocksource: Switched to clocksource tsc
[    0.450005] platform rtc_cmos: registered platform RTC device (no PNP device found)
[    0.452397] Initialise system trusted keyrings
[    0.452451] workingset: timestamp_bits=56 max_order=20 bucket_order=0
[    0.453508] NFS: Registering the id_resolver key type
[    0.453508] Key type id_resolver registered
[    0.453508] Key type id_legacy registered
[    0.454166] 9p: Installing v9fs 9p2000 file system support
[    0.461437] Key type asymmetric registered
[    0.461437] Asymmetric key parser 'x509' registered
[    0.461437] Block layer SCSI generic (bsg) driver version 0.4 loaded (major 251)
[    0.461437] io scheduler mq-deadline registered
[    0.461437] io scheduler kyber registered
[    0.464756] ACPI: AC: AC Adapter [AC] (on-line)
[    0.464797] input: Power Button as /devices/LNXSYSTM:00/LNXPWRBN:00/input/input0
[    0.464826] ACPI: button: Power Button [PWRF]
[    0.464909] input: Sleep Button as /devices/LNXSYSTM:00/LNXSLPBN:00/input/input1
[    0.464924] ACPI: button: Sleep Button [SLPF]
[    0.465014] ACPI: video: Video Device [GFX0] (multi-head: yes  rom: no  post: no)
[    0.465056] input: Video Bus as /devices/LNXSYSTM:00/LNXSYBUS:00/PNP0A03:00/LNXVIDEO:00/input/input2
[    0.465218] Serial: 8250/16550 driver, 4 ports, IRQ sharing enabled
[    0.465524] Non-volatile memory driver v1.3
[    0.465525] Linux agpgart interface v0.103
[    0.465584] ACPI: bus type drm_connector registered
[    0.467167] loop: module loaded
[    0.467220] ahci 0000:00:0d.0: version 3.0
[    0.467756] ahci 0000:00:0d.0: SSS flag set, parallel bus scan disabled
[    0.467985] ahci 0000:00:0d.0: AHCI 0001.0100 32 slots 2 ports 3 Gbps 0x3 impl SATA mode
[    0.467988] ahci 0000:00:0d.0: flags: 64bit ncq stag only ccc 
[    0.468350] scsi host0: ahci
[    0.468439] scsi host1: ahci
[    0.468473] ata1: SATA max UDMA/133 abar m8192@0xf0840000 port 0xf0840100 irq 21
[    0.468477] ata2: SATA max UDMA/133 abar m8192@0xf0840000 port 0xf0840180 irq 21
[    0.468517] ata_piix 0000:00:01.1: version 2.13
[    0.468989] scsi host2: ata_piix
[    0.469057] scsi host3: ata_piix
[    0.469078] ata3: PATA max UDMA/33 cmd 0x1f0 ctl 0x3f6 bmdma 0xd000 irq 14
[    0.469079] ata4: PATA max UDMA/33 cmd 0x170 ctl 0x376 bmdma 0xd008 irq 15
[    0.469258] e100: Intel(R) PRO/100 Network Driver
[    0.469259] e100: Copyright(c) 1999-2006 Intel Corporation
[    0.469265] e1000: Intel(R) PRO/1000 Network Driver
[    0.469265] e1000: Copyright (c) 1999-2006 Intel Corporation.
[    0.733033] ata4.00: ATAPI: VBOX CD-ROM, 1.0, max UDMA/133
[    0.737480] ata3.00: ATAPI: VBOX CD-ROM, 1.0, max UDMA/133
[    0.834562] ata1: SATA link down (SStatus 0 SControl 300)
[    1.108844] e1000 0000:00:03.0 eth0: (PCI:33MHz:32-bit) 08:00:27:df:65:b8
[    1.108851] e1000 0000:00:03.0 eth0: Intel(R) PRO/1000 Network Connection
[    1.175133] ata2: SATA link up 3.0 Gbps (SStatus 123 SControl 300)
[    1.175279] ata2.00: ATA-6: VBOX HARDDISK, 1.0, max UDMA/133
[    1.175282] ata2.00: 41943040 sectors, multi 128: LBA48 NCQ (depth 32)
[    1.175464] ata2.00: configured for UDMA/133
[    1.175541] scsi 1:0:0:0: Direct-Access     ATA      VBOX HARDDISK    1.0  PQ: 0 ANSI: 5
[    1.175755] sd 1:0:0:0: [sda] 41943040 512-byte logical blocks: (21.5 GB/20.0 GiB)
[    1.175763] sd 1:0:0:0: [sda] Write Protect is off
[    1.175764] sd 1:0:0:0: [sda] Mode Sense: 00 3a 00 00
[    1.175774] sd 1:0:0:0: [sda] Write cache: enabled, read cache: enabled, doesn't support DPO or FUA
[    1.175788] sd 1:0:0:0: [sda] Preferred minimum I/O size 512 bytes
[    1.179063] sd 1:0:0:0: Attached scsi generic sg0 type 0
[    1.179423] scsi 2:0:0:0: CD-ROM            VBOX     CD-ROM           1.0  PQ: 0 ANSI: 5
[    1.180119]  sda: sda1 sda2 sda3
[    1.180206] sd 1:0:0:0: [sda] Attached SCSI disk
[    1.197160] sr 2:0:0:0: [sr0] scsi3-mmc drive: 32x/32x xa/form2 tray
[    1.197163] cdrom: Uniform CD-ROM driver Revision: 3.20
[    1.214479] sr 2:0:0:0: Attached scsi CD-ROM sr0
[    1.214679] sr 2:0:0:0: Attached scsi generic sg1 type 5
[    1.214972] scsi 3:0:0:0: CD-ROM            VBOX     CD-ROM           1.0  PQ: 0 ANSI: 5
[    1.234131] sr 3:0:0:0: [sr1] scsi3-mmc drive: 32x/32x xa/form2 tray
[    1.251329] sr 3:0:0:0: Attached scsi CD-ROM sr1
[    1.251370] sr 3:0:0:0: Attached scsi generic sg2 type 5
[    1.846516] e1000 0000:00:08.0 eth1: (PCI:33MHz:32-bit) 08:00:27:61:34:72
[    1.846516] e1000 0000:00:08.0 eth1: Intel(R) PRO/1000 Network Connection
[    1.846516] e1000e: Intel(R) PRO/1000 Network Driver
[    1.846516] e1000e: Copyright(c) 1999 - 2015 Intel Corporation.
[    1.846516] sky2: driver version 1.30
[    1.847294] ehci_hcd: USB 2.0 'Enhanced' Host Controller (EHCI) Driver
[    1.847296] ehci-pci: EHCI PCI platform driver
[    1.847305] ohci_hcd: USB 1.1 'Open' Host Controller (OHCI) Driver
[    1.847307] ohci-pci: OHCI PCI platform driver
[    1.847861] ohci-pci 0000:00:06.0: OHCI PCI host controller
[    1.847988] ohci-pci 0000:00:06.0: new USB bus registered, assigned bus number 1
[    1.848082] ohci-pci 0000:00:06.0: irq 22, io mem 0xf0804000
[    1.906708] usb usb1: New USB device found, idVendor=1d6b, idProduct=0001, bcdDevice= 5.18
[    1.906712] usb usb1: New USB device strings: Mfr=3, Product=2, SerialNumber=1
[    1.906714] usb usb1: Product: OHCI PCI host controller
[    1.906715] usb usb1: Manufacturer: Linux 5.18.0-thor_kernel-11439-g8ab2afa23bd1-dirty ohci_hcd
[    1.906716] usb usb1: SerialNumber: 0000:00:06.0
[    1.906955] hub 1-0:1.0: USB hub found
[    1.906974] hub 1-0:1.0: 12 ports detected
[    1.907504] uhci_hcd: USB Universal Host Controller Interface driver
[    1.907535] usbcore: registered new interface driver usblp
[    1.907543] usbcore: registered new interface driver usb-storage
[    1.907563] i8042: PNP: PS/2 Controller [PNP0303:PS2K,PNP0f03:PS2M] at 0x60,0x64 irq 1,12
[    1.908105] serio: i8042 KBD port at 0x60,0x64 irq 1
[    1.908110] serio: i8042 AUX port at 0x60,0x64 irq 12
[    1.910068] input: AT Translated Set 2 keyboard as /devices/platform/i8042/serio0/input/input3
[    1.912261] rtc_cmos rtc_cmos: registered as rtc0
[    1.912272] rtc_cmos rtc_cmos: alarms up to one day, 114 bytes nvram
[    1.912294] fail to initialize ptp_kvm
[    1.912346] device-mapper: ioctl: 4.46.0-ioctl (2022-02-22) initialised: dm-devel@redhat.com
[    1.912349] intel_pstate: CPU model not supported
[    1.912363] hid: raw HID events driver (C) Jiri Kosina
[    1.912464] usbcore: registered new interface driver usbhid
[    1.912465] usbhid: USB HID core driver
[    1.912762] Initializing XFRM netlink socket
[    1.912762] NET: Registered PF_INET6 protocol family
[    1.913228] Segment Routing with IPv6
[    1.913236] In-situ OAM (IOAM) with IPv6
[    1.913284] sit: IPv6, IPv4 and MPLS over IPv4 tunneling driver
[    1.913478] NET: Registered PF_PACKET protocol family
[    1.913506] 9pnet: Installing 9P2000 support
[    1.913520] Key type dns_resolver registered
[    1.913911] IPI shorthand broadcast: enabled
[    1.913925] sched_clock: Marking stable (1878653993, 35223379)->(1916355040, -2477668)
[    1.914056] registered taskstats version 1
[    1.914057] Loading compiled-in X.509 certificates
[    1.914128] cryptomgr_test (57) used greatest stack depth: 15520 bytes left
[    1.917552] PM:   Magic number: 10:851:273
[    1.917561] usb usb1-port1: hash matches
[    1.917580] tty tty10: hash matches
[    1.917584] net lo: hash matches
[    1.949534] printk: console [netcon0] enabled
[    1.949536] netconsole: network logging started
[    1.949565] printk: console [netcon0] printing thread started
[    1.949660] cfg80211: Loading compiled-in X.509 certificates for regulatory database
[    1.949843] kworker/u4:3 (80) used greatest stack depth: 14712 bytes left
[    1.950907] cfg80211: Loaded X.509 cert 'sforshee: 00b28ddf47aef9cea7'
[    1.950913] ALSA device list:
[    1.950914]   No soundcards found.
[    1.953729] cryptomgr_probe (82) used greatest stack depth: 14416 bytes left
[    1.953997] platform regulatory.0: Direct firmware load for regulatory.db failed with error -2
[    1.954000] cfg80211: failed to load regulatory.db
[    2.120739] input: ImExPS/2 Generic Explorer Mouse as /devices/platform/i8042/serio1/input/input5
[    2.120917] md: Waiting for all devices to be available before autodetect
[    2.120918] md: If you don't use raid, use raid=noautodetect
[    2.120932] md: Autodetecting RAID arrays.
[    2.120933] md: autorun ...
[    2.120933] md: ... autorun DONE.
[    2.157864] EXT4-fs (sda3): INFO: recovery required on readonly filesystem
[    2.157867] EXT4-fs (sda3): write access will be enabled during recovery
[    2.265703] usb 1-1: new full-speed USB device number 2 using ohci-pci
[    2.572551] usb 1-1: New USB device found, idVendor=80ee, idProduct=0021, bcdDevice= 1.00
[    2.572558] usb 1-1: New USB device strings: Mfr=1, Product=3, SerialNumber=0
[    2.572561] usb 1-1: Product: USB Tablet
[    2.572563] usb 1-1: Manufacturer: VirtualBox
[    2.584622] input: VirtualBox USB Tablet as /devices/pci0000:00/0000:00:06.0/usb1/1-1/1-1:1.0/0003:80EE:0021.0001/input/input6
[    2.584717] hid-generic 0003:80EE:0021.0001: input,hidraw0: USB HID v1.10 Mouse [VirtualBox USB Tablet] on usb-0000:00:06.0-1/input0
[    3.209882] EXT4-fs (sda3): recovery complete
[    3.232283] EXT4-fs (sda3): mounted filesystem with ordered data mode. Quota mode: none.
[    3.232309] VFS: Mounted root (ext4 filesystem) readonly on device 8:3.
[    3.261973] devtmpfs: mounted
[    3.280041] Freeing unused kernel image (initmem) memory: 1268K
[    3.280079] Write protecting the kernel read-only data: 24576k
[    3.280615] Freeing unused kernel image (text/rodata gap) memory: 2032K
[    3.280924] Freeing unused kernel image (rodata/data gap) memory: 980K
[    3.280972] Run /sbin/init as init process
[    3.280972]   with arguments:
[    3.280973]     /sbin/init
[    3.280973]   with environment:
[    3.280974]     HOME=/
[    3.280974]     TERM=linux
[    3.280974]     BOOT_IMAGE=/vmlinuz-5.18.0-nieyraud
[    3.807707] random: crng init done
[    5.528897] systemd-getty-g (91) used greatest stack depth: 14168 bytes left
[    5.529020] systemd-debug-g (89) used greatest stack depth: 13576 bytes left
[    6.899422] fsck.ext4 (113) used greatest stack depth: 13472 bytes left
[    6.961291] EXT4-fs (sda3): re-mounted. Quota mode: none.
[    8.879343] Adding 1048572k swap on /dev/sda2.  Priority:1 extents:1 across:1048572k 
[    9.420818] EXT4-fs (sda1): mounting ext2 file system using the ext4 subsystem
[    9.427200] EXT4-fs (sda1): mounted filesystem without journal. Quota mode: none.
[   10.502261] e2scrub_all (171) used greatest stack depth: 12992 bytes left
[   10.551867] e1000: eth0 NIC Link is Up 1000 Mbps Full Duplex, Flow Control: RX
[   10.552156] IPv6: ADDRCONF(NETDEV_CHANGE): eth0: link becomes ready
