[    0.000000] Linux version 5.19.0-rc1-next-20220607 (root@lmartin) (gcc (GCC) 12.1.0, GNU ld (GNU Binutils) 2.38) #1 SMP PREEMPT_DYNAMIC Tue Jun 7 10:21:18 CEST 2022
[    0.000000] Command line: BOOT_IMAGE=/vmlinuz-next-20220607 root=/dev/sda3 ro
[    0.000000] x86/fpu: Supporting XSAVE feature 0x001: 'x87 floating point registers'
[    0.000000] x86/fpu: Supporting XSAVE feature 0x002: 'SSE registers'
[    0.000000] x86/fpu: Supporting XSAVE feature 0x004: 'AVX registers'
[    0.000000] x86/fpu: xstate_offset[2]:  576, xstate_sizes[2]:  256
[    0.000000] x86/fpu: Enabled xstate features 0x7, context size is 832 bytes, using 'standard' format.
[    0.000000] signal: max sigframe size: 1776
[    0.000000] BIOS-provided physical RAM map:
[    0.000000] BIOS-e820: [mem 0x0000000000000000-0x000000000009fbff] usable
[    0.000000] BIOS-e820: [mem 0x000000000009fc00-0x000000000009ffff] reserved
[    0.000000] BIOS-e820: [mem 0x00000000000f0000-0x00000000000fffff] reserved
[    0.000000] BIOS-e820: [mem 0x0000000000100000-0x00000000dffeffff] usable
[    0.000000] BIOS-e820: [mem 0x00000000dfff0000-0x00000000dfffffff] ACPI data
[    0.000000] BIOS-e820: [mem 0x00000000fec00000-0x00000000fec00fff] reserved
[    0.000000] BIOS-e820: [mem 0x00000000fee00000-0x00000000fee00fff] reserved
[    0.000000] BIOS-e820: [mem 0x00000000fffc0000-0x00000000ffffffff] reserved
[    0.000000] BIOS-e820: [mem 0x0000000100000000-0x000000011fffffff] usable
[    0.000000] NX (Execute Disable) protection: active
[    0.000000] SMBIOS 2.5 present.
[    0.000000] DMI: innotek GmbH VirtualBox/VirtualBox, BIOS VirtualBox 12/01/2006
[    0.000000] Hypervisor detected: KVM
[    0.000000] kvm-clock: Using msrs 4b564d01 and 4b564d00
[    0.000003] kvm-clock: using sched offset of 9252472618 cycles
[    0.000008] clocksource: kvm-clock: mask: 0xffffffffffffffff max_cycles: 0x1cd42e4dffb, max_idle_ns: 881590591483 ns
[    0.000011] tsc: Detected 2874.456 MHz processor
[    0.005316] e820: update [mem 0x00000000-0x00000fff] usable ==> reserved
[    0.005326] e820: remove [mem 0x000a0000-0x000fffff] usable
[    0.005333] last_pfn = 0x120000 max_arch_pfn = 0x400000000
[    0.005350] Disabled
[    0.005351] x86/PAT: MTRRs disabled, skipping PAT initialization too.
[    0.005355] CPU MTRRs all blank - virtualized system.
[    0.005358] x86/PAT: Configuration [0-7]: WB  WT  UC- UC  WB  WT  UC- UC  
[    0.005361] last_pfn = 0xdfff0 max_arch_pfn = 0x400000000
[    0.005427] found SMP MP-table at [mem 0x0009fff0-0x0009ffff]
[    0.006249] ACPI: Early table checksum verification disabled
[    0.006254] ACPI: RSDP 0x00000000000E0000 000024 (v02 VBOX  )
[    0.006260] ACPI: XSDT 0x00000000DFFF0030 00003C (v01 VBOX   VBOXXSDT 00000001 ASL  00000061)
[    0.006267] ACPI: FACP 0x00000000DFFF00F0 0000F4 (v04 VBOX   VBOXFACP 00000001 ASL  00000061)
[    0.006275] ACPI: DSDT 0x00000000DFFF0470 002325 (v02 VBOX   VBOXBIOS 00000002 INTL 20190509)
[    0.006279] ACPI: FACS 0x00000000DFFF0200 000040
[    0.006282] ACPI: FACS 0x00000000DFFF0200 000040
[    0.006286] ACPI: APIC 0x00000000DFFF0240 00005C (v02 VBOX   VBOXAPIC 00000001 ASL  00000061)
[    0.006290] ACPI: SSDT 0x00000000DFFF02A0 0001CC (v01 VBOX   VBOXCPUT 00000002 INTL 20190509)
[    0.006293] ACPI: Reserving FACP table memory at [mem 0xdfff00f0-0xdfff01e3]
[    0.006295] ACPI: Reserving DSDT table memory at [mem 0xdfff0470-0xdfff2794]
[    0.006297] ACPI: Reserving FACS table memory at [mem 0xdfff0200-0xdfff023f]
[    0.006298] ACPI: Reserving FACS table memory at [mem 0xdfff0200-0xdfff023f]
[    0.006299] ACPI: Reserving APIC table memory at [mem 0xdfff0240-0xdfff029b]
[    0.006300] ACPI: Reserving SSDT table memory at [mem 0xdfff02a0-0xdfff046b]
[    0.006582] No NUMA configuration found
[    0.006583] Faking a node at [mem 0x0000000000000000-0x000000011fffffff]
[    0.006588] NODE_DATA(0) allocated [mem 0x11fff8000-0x11fffbfff]
[    0.006607] Zone ranges:
[    0.006608]   DMA      [mem 0x0000000000001000-0x0000000000ffffff]
[    0.006610]   DMA32    [mem 0x0000000001000000-0x00000000ffffffff]
[    0.006612]   Normal   [mem 0x0000000100000000-0x000000011fffffff]
[    0.006614] Movable zone start for each node
[    0.006615] Early memory node ranges
[    0.006616]   node   0: [mem 0x0000000000001000-0x000000000009efff]
[    0.006618]   node   0: [mem 0x0000000000100000-0x00000000dffeffff]
[    0.006620]   node   0: [mem 0x0000000100000000-0x000000011fffffff]
[    0.006622] Initmem setup node 0 [mem 0x0000000000001000-0x000000011fffffff]
[    0.007211] On node 0, zone DMA: 1 pages in unavailable ranges
[    0.007239] On node 0, zone DMA: 97 pages in unavailable ranges
[    0.025961] On node 0, zone Normal: 16 pages in unavailable ranges
[    0.026345] ACPI: PM-Timer IO Port: 0x4008
[    0.026398] IOAPIC[0]: apic_id 2, version 32, address 0xfec00000, GSI 0-23
[    0.026401] ACPI: INT_SRC_OVR (bus 0 bus_irq 0 global_irq 2 dfl dfl)
[    0.026402] ACPI: INT_SRC_OVR (bus 0 bus_irq 9 global_irq 9 low level)
[    0.026406] ACPI: Using ACPI (MADT) for SMP configuration information
[    0.026411] smpboot: Allowing 2 CPUs, 0 hotplug CPUs
[    0.026430] PM: hibernation: Registered nosave memory: [mem 0x00000000-0x00000fff]
[    0.026432] PM: hibernation: Registered nosave memory: [mem 0x0009f000-0x0009ffff]
[    0.026433] PM: hibernation: Registered nosave memory: [mem 0x000a0000-0x000effff]
[    0.026433] PM: hibernation: Registered nosave memory: [mem 0x000f0000-0x000fffff]
[    0.026434] PM: hibernation: Registered nosave memory: [mem 0xdfff0000-0xdfffffff]
[    0.026435] PM: hibernation: Registered nosave memory: [mem 0xe0000000-0xfebfffff]
[    0.026435] PM: hibernation: Registered nosave memory: [mem 0xfec00000-0xfec00fff]
[    0.026436] PM: hibernation: Registered nosave memory: [mem 0xfec01000-0xfedfffff]
[    0.026436] PM: hibernation: Registered nosave memory: [mem 0xfee00000-0xfee00fff]
[    0.026437] PM: hibernation: Registered nosave memory: [mem 0xfee01000-0xfffbffff]
[    0.026438] PM: hibernation: Registered nosave memory: [mem 0xfffc0000-0xffffffff]
[    0.026439] [mem 0xe0000000-0xfebfffff] available for PCI devices
[    0.026440] Booting paravirtualized kernel on KVM
[    0.026442] clocksource: refined-jiffies: mask: 0xffffffff max_cycles: 0xffffffff, max_idle_ns: 1910969940391419 ns
[    0.031683] setup_percpu: NR_CPUS:64 nr_cpumask_bits:64 nr_cpu_ids:2 nr_node_ids:1
[    0.032139] percpu: Embedded 52 pages/cpu s176040 r8192 d28760 u1048576
[    0.032144] pcpu-alloc: s176040 r8192 d28760 u1048576 alloc=1*2097152
[    0.032146] pcpu-alloc: [0] 0 1 
[    0.032163] Fallback order for Node 0: 0 
[    0.032165] Built 1 zonelists, mobility grouping on.  Total pages: 1031920
[    0.032166] Policy zone: Normal
[    0.032167] Kernel command line: BOOT_IMAGE=/vmlinuz-next-20220607 root=/dev/sda3 ro
[    0.032186] Unknown kernel command line parameters "BOOT_IMAGE=/vmlinuz-next-20220607", will be passed to user space.
[    0.033062] Dentry cache hash table entries: 524288 (order: 10, 4194304 bytes, linear)
[    0.033466] Inode-cache hash table entries: 262144 (order: 9, 2097152 bytes, linear)
[    0.033499] mem auto-init: stack:all(zero), heap alloc:off, heap free:off
[    0.062654] Memory: 4019592K/4193848K available (16396K kernel code, 2660K rwdata, 5172K rodata, 1276K init, 1228K bss, 173996K reserved, 0K cma-reserved)
[    0.062685] SLUB: HWalign=64, Order=0-3, MinObjects=0, CPUs=2, Nodes=1
[    0.062692] Kernel/User page tables isolation: enabled
[    0.063535] Dynamic Preempt: voluntary
[    0.063909] rcu: Preemptible hierarchical RCU implementation.
[    0.063910] rcu: 	RCU event tracing is enabled.
[    0.063911] rcu: 	RCU restricting CPUs from NR_CPUS=64 to nr_cpu_ids=2.
[    0.063912] 	Trampoline variant of Tasks RCU enabled.
[    0.063913] rcu: RCU calculated value of scheduler-enlistment delay is 100 jiffies.
[    0.063914] rcu: Adjusting geometry for rcu_fanout_leaf=16, nr_cpu_ids=2
[    0.065015] NR_IRQS: 4352, nr_irqs: 440, preallocated irqs: 16
[    0.065186] rcu: srcu_init: Setting srcu_struct sizes based on contention.
[    0.070939] Console: colour VGA+ 80x25
[    0.101132] printk: console [tty0] enabled
[    0.101354] ACPI: Core revision 20220331
[    0.101644] APIC: Switch to symmetric I/O mode setup
[    0.103012] ..TIMER: vector=0x30 apic1=0 pin1=2 apic2=-1 pin2=-1
[    0.103309] clocksource: tsc-early: mask: 0xffffffffffffffff max_cycles: 0x296f00786fc, max_idle_ns: 440795260225 ns
[    0.103737] Calibrating delay loop (skipped) preset value.. 5748.91 BogoMIPS (lpj=2874456)
[    0.104099] pid_max: default: 32768 minimum: 301
[    0.104327] LSM: Security Framework initializing
[    0.104551] SELinux:  Initializing.
[    0.104733] Mount-cache hash table entries: 8192 (order: 4, 65536 bytes, linear)
[    0.104733] Mountpoint-cache hash table entries: 8192 (order: 4, 65536 bytes, linear)
[    0.104733] Last level iTLB entries: 4KB 512, 2MB 8, 4MB 8
[    0.104733] Last level dTLB entries: 4KB 512, 2MB 32, 4MB 32, 1GB 0
[    0.104733] Spectre V1 : Mitigation: usercopy/swapgs barriers and __user pointer sanitization
[    0.104733] Spectre V2 : Mitigation: Retpolines
[    0.104733] Spectre V2 : Spectre v2 / SpectreRSB mitigation: Filling RSB on context switch
[    0.104733] Speculative Store Bypass: Vulnerable
[    0.104739] SRBDS: Unknown: Dependent on hypervisor status
[    0.104966] MDS: Mitigation: Clear CPU buffers
[    0.106620] Freeing SMP alternatives memory: 44K
[    0.193307] smpboot: CPU0: Intel(R) Core(TM) i5-3470S CPU @ 2.90GHz (family: 0x6, model: 0x3a, stepping: 0x9)
[    0.193932] cblist_init_generic: Setting adjustable number of callback queues.
[    0.194370] cblist_init_generic: Setting shift to 1 and lim to 1.
[    0.194717] Performance Events: unsupported p6 CPU model 58 no PMU driver, software events only.
[    0.194733] rcu: Hierarchical SRCU implementation.
[    0.194733] printk: console [tty0] printing thread started
[    0.195250] smp: Bringing up secondary CPUs ...
[    0.196064] x86: Booting SMP configuration:
[    0.196066] .... node  #0, CPUs:      #1
[    0.211741] smp: Brought up 1 node, 2 CPUs
[    0.211743] smpboot: Max logical packages: 1
[    0.211744] smpboot: Total of 2 processors activated (11497.82 BogoMIPS)
[    0.211944] devtmpfs: initialized
[    0.211944] clocksource: jiffies: mask: 0xffffffff max_cycles: 0xffffffff, max_idle_ns: 1911260446275000 ns
[    0.211944] futex hash table entries: 512 (order: 3, 32768 bytes, linear)
[    0.211944] PM: RTC time: 09:01:33, date: 2022-06-07
[    0.212069] NET: Registered PF_NETLINK/PF_ROUTE protocol family
[    0.212142] audit: initializing netlink subsys (disabled)
[    0.213366] audit: type=2000 audit(1654592504.260:1): state=initialized audit_enabled=0 res=1
[    0.213455] thermal_sys: Registered thermal governor 'step_wise'
[    0.213457] thermal_sys: Registered thermal governor 'user_space'
[    0.213733] cpuidle: using governor menu
[    0.213811] PCI: Using configuration type 1 for base access
[    0.219545] kprobes: kprobe jump-optimization is enabled. All kprobes are optimized if possible.
[    0.220287] HugeTLB: can optimize 7 vmemmap pages for hugepages-2048kB
[    0.220290] HugeTLB registered 2.00 MiB page size, pre-allocated 0 pages
[    0.220397] ACPI: Added _OSI(Module Device)
[    0.220398] ACPI: Added _OSI(Processor Device)
[    0.220399] ACPI: Added _OSI(3.0 _SCP Extensions)
[    0.220399] ACPI: Added _OSI(Processor Aggregator Device)
[    0.220400] ACPI: Added _OSI(Linux-Dell-Video)
[    0.220401] ACPI: Added _OSI(Linux-Lenovo-NV-HDMI-Audio)
[    0.220402] ACPI: Added _OSI(Linux-HPI-Hybrid-Graphics)
[    0.221450] ACPI: 2 ACPI AML tables successfully acquired and loaded
[    0.374225] ACPI: Interpreter enabled
[    0.374241] ACPI: PM: (supports S0 S5)
[    0.374242] ACPI: Using IOAPIC for interrupt routing
[    0.374467] PCI: Using host bridge windows from ACPI; if necessary, use "pci=nocrs" and report a bug
[    0.374468] PCI: Using E820 reservations for host bridge windows
[    0.374603] ACPI: Enabled 2 GPEs in block 00 to 07
[    0.378674] ACPI: PCI Root Bridge [PCI0] (domain 0000 [bus 00-ff])
[    0.378680] acpi PNP0A03:00: _OSC: OS supports [ASPM ClockPM Segments MSI HPX-Type3]
[    0.378682] acpi PNP0A03:00: _OSC: not requesting OS control; OS requires [ExtendedConfig ASPM ClockPM MSI]
[    0.379014] acpi PNP0A03:00: fail to add MMCONFIG information, can't access extended PCI configuration space under this bridge.
[    0.379098] PCI host bridge to bus 0000:00
[    0.379100] pci_bus 0000:00: root bus resource [io  0x0000-0x0cf7 window]
[    0.379101] pci_bus 0000:00: root bus resource [io  0x0d00-0xffff window]
[    0.379103] pci_bus 0000:00: root bus resource [mem 0x000a0000-0x000bffff window]
[    0.379104] pci_bus 0000:00: root bus resource [mem 0xe0000000-0xfdffffff window]
[    0.379105] pci_bus 0000:00: root bus resource [bus 00-ff]
[    0.379278] pci 0000:00:00.0: [8086:1237] type 00 class 0x060000
[    0.379802] pci 0000:00:01.0: [8086:7000] type 00 class 0x060100
[    0.380553] pci 0000:00:01.1: [8086:7111] type 00 class 0x01018a
[    0.380943] pci 0000:00:01.1: reg 0x20: [io  0xd000-0xd00f]
[    0.381126] pci 0000:00:01.1: legacy IDE quirk: reg 0x10: [io  0x01f0-0x01f7]
[    0.381128] pci 0000:00:01.1: legacy IDE quirk: reg 0x14: [io  0x03f6]
[    0.381129] pci 0000:00:01.1: legacy IDE quirk: reg 0x18: [io  0x0170-0x0177]
[    0.381130] pci 0000:00:01.1: legacy IDE quirk: reg 0x1c: [io  0x0376]
[    0.381321] pci 0000:00:02.0: [15ad:0405] type 00 class 0x030000
[    0.382961] pci 0000:00:02.0: reg 0x10: [io  0xd010-0xd01f]
[    0.384742] pci 0000:00:02.0: reg 0x14: [mem 0xe0000000-0xe0ffffff pref]
[    0.386740] pci 0000:00:02.0: reg 0x18: [mem 0xf0000000-0xf01fffff]
[    0.404748] pci 0000:00:02.0: Video device with shadowed ROM at [mem 0x000c0000-0x000dffff]
[    0.420800] pci 0000:00:03.0: [8086:100e] type 00 class 0x020000
[    0.421783] pci 0000:00:03.0: reg 0x10: [mem 0xf0200000-0xf021ffff]
[    0.425772] pci 0000:00:03.0: reg 0x18: [io  0xd020-0xd027]
[    0.435988] pci 0000:00:04.0: [80ee:cafe] type 00 class 0x088000
[    0.440741] pci 0000:00:04.0: reg 0x10: [io  0xd040-0xd05f]
[    0.447779] pci 0000:00:04.0: reg 0x14: [mem 0xf0400000-0xf07fffff]
[    0.454742] pci 0000:00:04.0: reg 0x18: [mem 0xf0800000-0xf0803fff pref]
[    0.463830] pci 0000:00:05.0: [8086:2415] type 00 class 0x040100
[    0.463939] pci 0000:00:05.0: reg 0x10: [io  0xd100-0xd1ff]
[    0.463998] pci 0000:00:05.0: reg 0x14: [io  0xd200-0xd23f]
[    0.464430] pci 0000:00:07.0: [8086:7113] type 00 class 0x068000
[    0.464882] pci 0000:00:07.0: quirk: [io  0x4000-0x403f] claimed by PIIX4 ACPI
[    0.464893] pci 0000:00:07.0: quirk: [io  0x4100-0x410f] claimed by PIIX4 SMB
[    0.465140] pci 0000:00:08.0: [8086:100e] type 00 class 0x020000
[    0.465823] pci 0000:00:08.0: reg 0x10: [mem 0xf0820000-0xf083ffff]
[    0.471746] pci 0000:00:08.0: reg 0x18: [io  0xd240-0xd247]
[    0.494149] pci 0000:00:0c.0: [8086:1e31] type 00 class 0x0c0330
[    0.495745] pci 0000:00:0c.0: reg 0x10: [mem 0xf0840000-0xf084ffff]
[    0.522020] pci 0000:00:0d.0: [8086:2829] type 00 class 0x010601
[    0.522818] pci 0000:00:0d.0: reg 0x10: [io  0xd248-0xd24f]
[    0.524781] pci 0000:00:0d.0: reg 0x14: [io  0xd250-0xd253]
[    0.526743] pci 0000:00:0d.0: reg 0x18: [io  0xd258-0xd25f]
[    0.528738] pci 0000:00:0d.0: reg 0x1c: [io  0xd260-0xd263]
[    0.530741] pci 0000:00:0d.0: reg 0x20: [io  0xd270-0xd27f]
[    0.538736] pci 0000:00:0d.0: reg 0x24: [mem 0xf0850000-0xf0851fff]
[    0.552292] ACPI: PCI: Interrupt link LNKA configured for IRQ 11
[    0.552474] ACPI: PCI: Interrupt link LNKB configured for IRQ 10
[    0.552549] ACPI: PCI: Interrupt link LNKC configured for IRQ 9
[    0.552631] ACPI: PCI: Interrupt link LNKD configured for IRQ 11
[    0.552733] iommu: Default domain type: Translated 
[    0.552733] iommu: DMA domain TLB invalidation policy: lazy mode 
[    0.552770] SCSI subsystem initialized
[    0.552829] libata version 3.00 loaded.
[    0.552847] ACPI: bus type USB registered
[    0.552859] usbcore: registered new interface driver usbfs
[    0.552865] usbcore: registered new interface driver hub
[    0.552870] usbcore: registered new device driver usb
[    0.552891] pps_core: LinuxPPS API ver. 1 registered
[    0.552892] pps_core: Software ver. 5.3.6 - Copyright 2005-2007 Rodolfo Giometti <giometti@linux.it>
[    0.552894] PTP clock support registered
[    0.552949] Advanced Linux Sound Architecture Driver Initialized.
[    0.553076] NetLabel: Initializing
[    0.553076] NetLabel:  domain hash size = 128
[    0.553077] NetLabel:  protocols = UNLABELED CIPSOv4 CALIPSO
[    0.553091] NetLabel:  unlabeled traffic allowed by default
[    0.553125] PCI: Using ACPI for IRQ routing
[    0.553125] PCI: pci_cache_line_size set to 64 bytes
[    0.553125] e820: reserve RAM buffer [mem 0x0009fc00-0x0009ffff]
[    0.553125] e820: reserve RAM buffer [mem 0xdfff0000-0xdfffffff]
[    0.553760] pci 0000:00:02.0: vgaarb: setting as boot VGA device
[    0.553762] pci 0000:00:02.0: vgaarb: bridge control possible
[    0.553763] pci 0000:00:02.0: vgaarb: VGA device added: decodes=io+mem,owns=io+mem,locks=none
[    0.553765] vgaarb: loaded
[    0.553947] clocksource: Switched to clocksource kvm-clock
[    0.554003] VFS: Disk quotas dquot_6.6.0
[    0.554011] VFS: Dquot-cache hash table entries: 512 (order 0, 4096 bytes)
[    0.554044] pnp: PnP ACPI init
[    0.554678] pnp: PnP ACPI: found 2 devices
[    0.594596] clocksource: acpi_pm: mask: 0xffffff max_cycles: 0xffffff, max_idle_ns: 2085701024 ns
[    0.594627] NET: Registered PF_INET protocol family
[    0.594699] IP idents hash table entries: 65536 (order: 7, 524288 bytes, linear)
[    0.595546] tcp_listen_portaddr_hash hash table entries: 2048 (order: 3, 32768 bytes, linear)
[    0.595554] TCP established hash table entries: 32768 (order: 6, 262144 bytes, linear)
[    0.595588] TCP bind bhash tables hash table entries: 32768 (order: 7, 786432 bytes, linear)
[    0.595588] TCP: Hash tables configured (established 32768 bind 32768)
[    0.595588] UDP hash table entries: 2048 (order: 4, 65536 bytes, linear)
[    0.595588] UDP-Lite hash table entries: 2048 (order: 4, 65536 bytes, linear)
[    0.595588] NET: Registered PF_UNIX/PF_LOCAL protocol family
[    0.600035] RPC: Registered named UNIX socket transport module.
[    0.600037] RPC: Registered udp transport module.
[    0.600037] RPC: Registered tcp transport module.
[    0.600038] RPC: Registered tcp NFSv4.1 backchannel transport module.
[    0.600444] pci_bus 0000:00: resource 4 [io  0x0000-0x0cf7 window]
[    0.600448] pci_bus 0000:00: resource 5 [io  0x0d00-0xffff window]
[    0.600450] pci_bus 0000:00: resource 6 [mem 0x000a0000-0x000bffff window]
[    0.600452] pci_bus 0000:00: resource 7 [mem 0xe0000000-0xfdffffff window]
[    0.600737] pci 0000:00:00.0: Limiting direct PCI/PCI transfers
[    0.600748] pci 0000:00:01.0: Activating ISA DMA hang workarounds
[    0.620409] PCI: CLS 0 bytes, default 64
[    0.620462] PCI-DMA: Using software bounce buffering for IO (SWIOTLB)
[    0.620463] software IO TLB: mapped [mem 0x00000000dbff0000-0x00000000dfff0000] (64MB)
[    0.623033] RAPL PMU: API unit is 2^-32 Joules, 0 fixed counters, 10737418240 ms ovfl timer
[    0.623043] clocksource: tsc: mask: 0xffffffffffffffff max_cycles: 0x296f00786fc, max_idle_ns: 440795260225 ns
[    0.623102] clocksource: Switched to clocksource tsc
[    0.623138] platform rtc_cmos: registered platform RTC device (no PNP device found)
[    0.624964] Initialise system trusted keyrings
[    0.625146] workingset: timestamp_bits=56 max_order=20 bucket_order=0
[    0.626689] NFS: Registering the id_resolver key type
[    0.626696] Key type id_resolver registered
[    0.626697] Key type id_legacy registered
[    0.626729] 9p: Installing v9fs 9p2000 file system support
[    0.634053] Key type asymmetric registered
[    0.634053] Asymmetric key parser 'x509' registered
[    0.634053] Block layer SCSI generic (bsg) driver version 0.4 loaded (major 251)
[    0.634053] io scheduler mq-deadline registered
[    0.634053] io scheduler kyber registered
[    0.638148] ACPI: AC: AC Adapter [AC] (on-line)
[    0.638198] input: Power Button as /devices/LNXSYSTM:00/LNXPWRBN:00/input/input0
[    0.638603] ACPI: button: Power Button [PWRF]
[    0.638692] input: Sleep Button as /devices/LNXSYSTM:00/LNXSLPBN:00/input/input1
[    0.638706] ACPI: button: Sleep Button [SLPF]
[    0.638815] ACPI: video: Video Device [GFX0] (multi-head: yes  rom: no  post: no)
[    0.638855] input: Video Bus as /devices/LNXSYSTM:00/LNXSYBUS:00/PNP0A03:00/LNXVIDEO:00/input/input2
[    0.639454] Serial: 8250/16550 driver, 4 ports, IRQ sharing enabled
[    0.639688] Non-volatile memory driver v1.3
[    0.639689] Linux agpgart interface v0.103
[    0.655409] ACPI: bus type drm_connector registered
[    0.656799] loop: module loaded
[    0.657357] ahci 0000:00:0d.0: version 3.0
[    0.657927] ahci 0000:00:0d.0: SSS flag set, parallel bus scan disabled
[    0.658113] ahci 0000:00:0d.0: AHCI 0001.0100 32 slots 2 ports 3 Gbps 0x3 impl SATA mode
[    0.658117] ahci 0000:00:0d.0: flags: 64bit ncq stag only ccc 
[    0.659196] scsi host0: ahci
[    0.660134] scsi host1: ahci
[    0.660196] ata1: SATA max UDMA/133 abar m8192@0xf0850000 port 0xf0850100 irq 21
[    0.660201] ata2: SATA max UDMA/133 abar m8192@0xf0850000 port 0xf0850180 irq 21
[    0.660246] ata_piix 0000:00:01.1: version 2.13
[    0.661720] scsi host2: ata_piix
[    0.662243] scsi host3: ata_piix
[    0.662273] ata3: PATA max UDMA/33 cmd 0x1f0 ctl 0x3f6 bmdma 0xd000 irq 14
[    0.662275] ata4: PATA max UDMA/33 cmd 0x170 ctl 0x376 bmdma 0xd008 irq 15
[    0.662458] e100: Intel(R) PRO/100 Network Driver
[    0.662459] e100: Copyright(c) 1999-2006 Intel Corporation
[    0.662466] e1000: Intel(R) PRO/1000 Network Driver
[    0.662467] e1000: Copyright (c) 1999-2006 Intel Corporation.
[    0.824330] ata4.00: ATAPI: VBOX CD-ROM, 1.0, max UDMA/133
[    0.824515] ata3.00: ATAPI: VBOX CD-ROM, 1.0, max UDMA/133
[    0.973181] ata1: SATA link down (SStatus 0 SControl 300)
[    1.067797] e1000 0000:00:03.0 eth0: (PCI:33MHz:32-bit) 08:00:27:df:65:b8
[    1.067797] e1000 0000:00:03.0 eth0: Intel(R) PRO/1000 Network Connection
[    1.288126] ata2: SATA link up 3.0 Gbps (SStatus 123 SControl 300)
[    1.288221] ata2.00: ATA-6: VBOX HARDDISK, 1.0, max UDMA/133
[    1.288223] ata2.00: 41943040 sectors, multi 128: LBA48 NCQ (depth 32)
[    1.288312] ata2.00: configured for UDMA/133
[    1.288386] scsi 1:0:0:0: Direct-Access     ATA      VBOX HARDDISK    1.0  PQ: 0 ANSI: 5
[    1.288584] sd 1:0:0:0: [sda] 41943040 512-byte logical blocks: (21.5 GB/20.0 GiB)
[    1.288592] sd 1:0:0:0: [sda] Write Protect is off
[    1.288594] sd 1:0:0:0: [sda] Mode Sense: 00 3a 00 00
[    1.288604] sd 1:0:0:0: [sda] Write cache: enabled, read cache: enabled, doesn't support DPO or FUA
[    1.288618] sd 1:0:0:0: [sda] Preferred minimum I/O size 512 bytes
[    1.288809] sd 1:0:0:0: Attached scsi generic sg0 type 0
[    1.289972] scsi 2:0:0:0: CD-ROM            VBOX     CD-ROM           1.0  PQ: 0 ANSI: 5
[    1.318454] sr 2:0:0:0: [sr0] scsi3-mmc drive: 32x/32x xa/form2 tray
[    1.318458] cdrom: Uniform CD-ROM driver Revision: 3.20
[    1.342257]  sda: sda1 sda2 sda3
[    1.342425] sd 1:0:0:0: [sda] Attached SCSI disk
[    1.356423] sr 2:0:0:0: Attached scsi CD-ROM sr0
[    1.356631] sr 2:0:0:0: Attached scsi generic sg1 type 5
[    1.357466] scsi 3:0:0:0: CD-ROM            VBOX     CD-ROM           1.0  PQ: 0 ANSI: 5
[    1.395254] sr 3:0:0:0: [sr1] scsi3-mmc drive: 32x/32x xa/form2 tray
[    1.427904] sr 3:0:0:0: Attached scsi CD-ROM sr1
[    1.428043] sr 3:0:0:0: Attached scsi generic sg2 type 5
[    1.532846] e1000 0000:00:08.0 eth1: (PCI:33MHz:32-bit) 08:00:27:61:34:72
[    1.532851] e1000 0000:00:08.0 eth1: Intel(R) PRO/1000 Network Connection
[    1.532857] e1000e: Intel(R) PRO/1000 Network Driver
[    1.532857] e1000e: Copyright(c) 1999 - 2015 Intel Corporation.
[    1.532857] sky2: driver version 1.30
[    1.533273] ehci_hcd: USB 2.0 'Enhanced' Host Controller (EHCI) Driver
[    1.533274] ehci-pci: EHCI PCI platform driver
[    1.533288] ohci_hcd: USB 1.1 'Open' Host Controller (OHCI) Driver
[    1.533292] ohci-pci: OHCI PCI platform driver
[    1.533298] uhci_hcd: USB Universal Host Controller Interface driver
[    1.533816] xhci_hcd 0000:00:0c.0: xHCI Host Controller
[    1.534343] xhci_hcd 0000:00:0c.0: new USB bus registered, assigned bus number 1
[    1.536002] xhci_hcd 0000:00:0c.0: hcc params 0x04000000 hci version 0x100 quirks 0x000000000000b930
[    1.536931] xhci_hcd 0000:00:0c.0: xHCI Host Controller
[    1.537172] xhci_hcd 0000:00:0c.0: new USB bus registered, assigned bus number 2
[    1.537176] xhci_hcd 0000:00:0c.0: Host supports USB 3.0 SuperSpeed
[    1.537517] usb usb1: New USB device found, idVendor=1d6b, idProduct=0002, bcdDevice= 5.19
[    1.537521] usb usb1: New USB device strings: Mfr=3, Product=2, SerialNumber=1
[    1.537523] usb usb1: Product: xHCI Host Controller
[    1.537525] usb usb1: Manufacturer: Linux 5.19.0-rc1-next-20220607 xhci-hcd
[    1.537526] usb usb1: SerialNumber: 0000:00:0c.0
[    1.537997] hub 1-0:1.0: USB hub found
[    1.538064] hub 1-0:1.0: 8 ports detected
[    1.538626] usb usb2: New USB device found, idVendor=1d6b, idProduct=0003, bcdDevice= 5.19
[    1.538629] usb usb2: New USB device strings: Mfr=3, Product=2, SerialNumber=1
[    1.538631] usb usb2: Product: xHCI Host Controller
[    1.538632] usb usb2: Manufacturer: Linux 5.19.0-rc1-next-20220607 xhci-hcd
[    1.538634] usb usb2: SerialNumber: 0000:00:0c.0
[    1.539022] hub 2-0:1.0: USB hub found
[    1.539130] hub 2-0:1.0: 6 ports detected
[    1.540020] usbcore: registered new interface driver usblp
[    1.540029] usbcore: registered new interface driver usb-storage
[    1.540049] i8042: PNP: PS/2 Controller [PNP0303:PS2K,PNP0f03:PS2M] at 0x60,0x64 irq 1,12
[    1.541155] serio: i8042 KBD port at 0x60,0x64 irq 1
[    1.541160] serio: i8042 AUX port at 0x60,0x64 irq 12
[    1.541519] input: AT Translated Set 2 keyboard as /devices/platform/i8042/serio0/input/input3
[    1.543545] rtc_cmos rtc_cmos: registered as rtc0
[    1.543577] rtc_cmos rtc_cmos: alarms up to one day, 114 bytes nvram
[    1.543640] fail to initialize ptp_kvm
[    1.543749] device-mapper: ioctl: 4.46.0-ioctl (2022-02-22) initialised: dm-devel@redhat.com
[    1.543753] intel_pstate: CPU model not supported
[    1.543784] hid: raw HID events driver (C) Jiri Kosina
[    1.543800] usbcore: registered new interface driver usbhid
[    1.543800] usbhid: USB HID core driver
[    1.544738] Initializing XFRM netlink socket
[    1.544960] NET: Registered PF_INET6 protocol family
[    1.545369] Segment Routing with IPv6
[    1.545377] In-situ OAM (IOAM) with IPv6
[    1.545403] sit: IPv6, IPv4 and MPLS over IPv4 tunneling driver
[    1.545500] NET: Registered PF_PACKET protocol family
[    1.545523] 9pnet: Installing 9P2000 support
[    1.545534] Key type dns_resolver registered
[    1.545844] IPI shorthand broadcast: enabled
[    1.545858] sched_clock: Marking stable (1507464822, 38347410)->(1599002496, -53190264)
[    1.545997] registered taskstats version 1
[    1.545998] Loading compiled-in X.509 certificates
[    1.546119] cryptomgr_test (57) used greatest stack depth: 15520 bytes left
[    1.546751] PM:   Magic number: 10:439:19
[    1.547023] printk: console [netcon0] enabled
[    1.547025] netconsole: network logging started
[    1.547197] printk: console [netcon0] printing thread started
[    1.547280] cfg80211: Loading compiled-in X.509 certificates for regulatory database
[    1.547504] kworker/u4:3 (80) used greatest stack depth: 14744 bytes left
[    1.548561] cfg80211: Loaded X.509 cert 'sforshee: 00b28ddf47aef9cea7'
[    1.548567] ALSA device list:
[    1.548568]   No soundcards found.
[    1.549392] platform regulatory.0: Direct firmware load for regulatory.db failed with error -2
[    1.549392] cryptomgr_probe (82) used greatest stack depth: 14480 bytes left
[    1.549395] cfg80211: failed to load regulatory.db
[    1.760356] input: ImExPS/2 Generic Explorer Mouse as /devices/platform/i8042/serio1/input/input5
[    1.760547] md: Waiting for all devices to be available before autodetect
[    1.760548] md: If you don't use raid, use raid=noautodetect
[    1.760550] md: Autodetecting RAID arrays.
[    1.760550] md: autorun ...
[    1.760551] md: ... autorun DONE.
[    1.816166] usb 1-1: new full-speed USB device number 2 using xhci_hcd
[    1.867632] EXT4-fs (sda3): INFO: recovery required on readonly filesystem
[    1.867635] EXT4-fs (sda3): write access will be enabled during recovery
[    1.961395] usb 1-1: New USB device found, idVendor=80ee, idProduct=0021, bcdDevice= 1.00
[    1.961403] usb 1-1: New USB device strings: Mfr=1, Product=3, SerialNumber=0
[    1.961406] usb 1-1: Product: USB Tablet
[    1.961408] usb 1-1: Manufacturer: VirtualBox
[    1.965145] input: VirtualBox USB Tablet as /devices/pci0000:00/0000:00:0c.0/usb1/1-1/1-1:1.0/0003:80EE:0021.0001/input/input6
[    1.965228] hid-generic 0003:80EE:0021.0001: input,hidraw0: USB HID v1.10 Mouse [VirtualBox USB Tablet] on usb-0000:00:0c.0-1/input0
[    3.175771] random: crng init done
[    5.793367] EXT4-fs (sda3): recovery complete
[    5.857114] EXT4-fs (sda3): mounted filesystem with ordered data mode. Quota mode: none.
[    5.857159] VFS: Mounted root (ext4 filesystem) readonly on device 8:3.
[    5.903579] devtmpfs: mounted
[    5.903961] Freeing unused kernel image (initmem) memory: 1276K
[    5.904007] Write protecting the kernel read-only data: 24576k
[    5.904502] Freeing unused kernel image (text/rodata gap) memory: 2032K
[    5.904734] Freeing unused kernel image (rodata/data gap) memory: 972K
[    5.904810] Run /sbin/init as init process
[    5.904811]   with arguments:
[    5.904811]     /sbin/init
[    5.904812]   with environment:
[    5.904812]     HOME=/
[    5.904813]     TERM=linux
[    5.904813]     BOOT_IMAGE=/vmlinuz-next-20220607
[    8.299056] systemd[1]: RTC configured in localtime, applying delta of 120 minutes to system time.
[    8.568484] systemd[1]: systemd 250 running in system mode (-PAM -AUDIT -SELINUX -APPARMOR +IMA +SMACK -SECCOMP -GCRYPT -GNUTLS +OPENSSL +ACL +BLKID +CURL -ELFUTILS -FIDO2 -IDN2 -IDN -IPTC +KMOD -LIBCRYPTSETUP +LIBFDISK -PCRE2 -PWQUALITY -P11KIT -QRENCODE +BZIP2 -LZ4 +XZ +ZLIB +ZSTD -BPF_FRAMEWORK -XKBCOMMON +UTMP +SYSVINIT default-hierarchy=unified)
[    8.568542] systemd[1]: Detected virtualization oracle.
[    8.568550] systemd[1]: Detected architecture x86-64.
[    8.744974] systemd[1]: Hostname set to <lmartin>.
[    8.866279] ext4lazyinit (87) used greatest stack depth: 14464 bytes left
[    9.125862] systemd-hiberna (93) used greatest stack depth: 13208 bytes left
[    9.126400] systemd-system- (96) used greatest stack depth: 13200 bytes left
[   10.806633] systemd[1]: Queued start job for default target Graphical Interface.
[   10.808492] systemd[1]: Created slice Slice /system/dhcpcd.
[   10.809501] systemd[1]: Created slice Slice /system/getty.
[   10.810405] systemd[1]: Created slice Slice /system/modprobe.
[   10.811337] systemd[1]: Created slice Slice /system/systemd-fsck.
[   10.812199] systemd[1]: Created slice User and Session Slice.
[   10.812923] systemd[1]: Started Dispatch Password Requests to Console Directory Watch.
[   10.833631] systemd[1]: Started Forward Password Requests to Wall Directory Watch.
[   10.834398] systemd[1]: Set up automount Arbitrary Executable File Formats File System Automount Point.
[   10.836568] systemd[1]: Reached target Path Units.
[   10.837029] systemd[1]: Reached target Remote File Systems.
[   10.837427] systemd[1]: Reached target Slice Units.
[   10.841348] systemd[1]: Listening on Process Core Dump Socket.
[   10.843859] systemd[1]: Listening on initctl Compatibility Named Pipe.
[   10.844415] systemd[1]: Listening on Journal Audit Socket.
[   10.844785] systemd[1]: Listening on Journal Socket (/dev/log).
[   10.845196] systemd[1]: Listening on Journal Socket.
[   10.845597] systemd[1]: Listening on Network Service Netlink Socket.
[   10.845977] systemd[1]: Listening on Userspace Out-Of-Memory (OOM) Killer Socket.
[   10.971359] systemd[1]: Listening on udev Control Socket.
[   10.972239] systemd[1]: Listening on udev Kernel Socket.
[   10.995951] systemd[1]: Mounting Huge Pages File System...
[   10.997728] systemd[1]: Mounting POSIX Message Queue File System...
[   10.998712] systemd[1]: Mounting Kernel Debug File System...
[   10.999658] systemd[1]: Mounting Kernel Trace File System...
[   11.000133] systemd[1]: Create List of Static Device Nodes was skipped because of a failed condition check (ConditionFileNotEmpty=/lib/modules/5.19.0-rc1-next-20220607/modules.devname).
[   11.000814] systemd[1]: Starting Load Kernel Module configfs...
[   11.001930] systemd[1]: Starting Load Kernel Module drm...
[   11.003499] systemd[1]: Starting Load Kernel Module fuse...
[   11.004345] systemd[1]: Starting File System Check on Root Device...
[   11.004834] systemd[1]: systemd-journald.service: unit configures an IP firewall, but the local system does not support BPF/cgroup firewalling.
[   11.004837] systemd[1]: (This warning is only shown for the first unit using IP firewalling.)
[   11.005247] systemd[1]: Starting Journal Service...
[   11.040186] systemd[1]: Load Kernel Modules was skipped because all trigger condition checks failed.
[   11.040969] systemd[1]: Starting Generate network units from Kernel command line...
[   11.043072] systemd[1]: Repartition Root Disk was skipped because all trigger condition checks failed.
[   11.043767] systemd[1]: Starting Apply Kernel Variables...
[   11.046459] systemd[1]: Starting Create Static Device Nodes in /dev...
[   11.049656] systemd[1]: Starting Coldplug All udev Devices...
[   11.105118] systemd[1]: Finished Generate network units from Kernel command line.
[   11.106780] systemd[1]: Reached target Preparation for Network.
[   11.253991] systemd[1]: Mounted Huge Pages File System.
[   11.254857] systemd[1]: Mounted POSIX Message Queue File System.
[   11.255595] systemd[1]: Mounted Kernel Debug File System.
[   11.256298] systemd[1]: Mounted Kernel Trace File System.
[   11.334683] systemd[1]: Started Journal Service.
[   12.102478] EXT4-fs (sda3): re-mounted. Quota mode: none.
[   12.350878] systemd-journald[106]: Received client request to flush runtime journal.
[   12.562754] systemd-journald[106]: File /var/log/journal/f835a48c1c9442399118cc0f9c4f2584/system.journal corrupted or uncleanly shut down, renaming and replacing.
[   15.372619] Adding 1048572k swap on /dev/sda2.  Priority:1 extents:1 across:1048572k 
[   16.240581] EXT4-fs (sda1): mounting ext2 file system using the ext4 subsystem
[   16.252817] EXT4-fs (sda1): mounted filesystem without journal. Quota mode: none.
[   18.347280] e2scrub_all (171) used greatest stack depth: 12992 bytes left
[   18.561534] e1000: eth0 NIC Link is Up 1000 Mbps Full Duplex, Flow Control: RX
[   18.561962] IPv6: ADDRCONF(NETDEV_CHANGE): eth0: link becomes ready
